united-arab-emirates/IN/GB new: captured, searches so far 15
canada/IN/GB new: captured, searches so far 30
germany/IN/GB new: captured, searches so far 36
france/IN/GB new: captured, searches so far 45
united-kingdom/IN/GB new: captured, searches so far 54
japan/IN/GB new: captured, searches so far 69
netherlands/IN/GB new: captured, searches so far 78
sweden/IN/GB new: captured, searches so far 84
singapore/IN/GB new: captured, searches so far 99
united-states/IN/GB new: captured, searches so far 114
united-arab-emirates/PH/PH new: captured, searches so far 124
canada/PH/PH new: captured, searches so far 134
germany/PH/PH new: captured, searches so far 138
france/PH/PH new: captured, searches so far 144
united-kingdom/PH/PH new: captured, searches so far 150
japan/PH/PH new: captured, searches so far 160
netherlands/PH/PH new: captured, searches so far 166
sweden/PH/PH new: captured, searches so far 170
singapore/PH/PH new: captured, searches so far 180
united-states/PH/PH new: captured, searches so far 190
czechia/IN/GB new: captured, searches so far 199
malaysia/IN/GB new: captured, searches so far 211
malaysia/PH/PH new: captured, searches so far 219
indonesia/IN/GB new: captured, searches so far 228
indonesia/PH/PH new: captured, searches so far 234
uruguay/IN/GB new: captured, searches so far 237
uruguay/PH/PH new: captured, searches so far 239
united-kingdom/US/US new: captured, searches so far 245
new-zealand/US/US new: captured, searches so far 260
canada/GB/GB new: captured, searches so far 265
south-korea/US/US new: captured, searches so far 280
japan/GB/GB new: captured, searches so far 285
australia/US/US new: captured, searches so far 300
united-states/GB/GB new: captured, searches so far 305
france/US/US new: captured, searches so far 311
south-korea/IN/IN new: captured, searches so far 321
