australia/US/US/tourism                    pool  566  travel_authorisation shown 5→5  lost {'processing_times': 6, 'document_checklist': 5, 'application_route': 3} gained {'general_entry': 6, 'visa_decision': 6, 'fees': 2}
    - processing_times        63.0 https://www.homeaffairs.gov.au/about-us/our-portfolios/emergency-management
    - processing_times        63.0 https://www.homeaffairs.gov.au/about-us/our-portfolios/multicultural-affairs
    - document_checklist      66.0 https://usa.embassy.gov.au/white-house-tours-and-visiting-washington-dc
    - processing_times        63.0 https://www.homeaffairs.gov.au/about-us/our-portfolios/national-security
    - document_checklist      63.0 https://archive.homeaffairs.gov.au/trav/visa-1/485-/Temporary-Graduate-visa-(subclass-485)-document-checklist
    - processing_times        63.0 https://www.homeaffairs.gov.au/about-us/who-we-are
    - document_checklist      56.0 https://immi.homeaffairs.gov.au/form-listing/forms/1415.pdf
    - processing_times        63.0 https://www.homeaffairs.gov.au/about-us/who-we-are/our-ministers
    - document_checklist      56.0 https://www.abf.gov.au/what-we-do-subsite/files/visiting-multiple-detainees-request-form.pdf
    - document_checklist      56.0 https://www.dfat.gov.au/sites/default/files/arpp-october-2022-23-tourism-australia.pdf
    - processing_times        58.0 https://immi.homeaffairs.gov.au/visas/getting-a-visa/visa-processing-times/visa-processing-priorities
    - application_route       67.6 https://www.homeaffairs.gov.au/research-and-stats/files/visitor-visa-report-dec15.pdf
    - application_route       59.6 https://immi.homeaffairs.gov.au/visas/getting-a-visa/visa-listing/repealed-visas/tourist-visa-676
    - application_route       54.5 https://www.homeaffairs.gov.au/help-and-support/claiming-compensation-from-us
    + general_entry           25.6 https://www.abf.gov.au/help-and-support-subsite/CustomsNotices/2026-21.pdf
    + general_entry           24.4 https://immi.homeaffairs.gov.au/entering-and-leaving-australia/entering-australia/overview
    + visa_decision           46.0 https://www.abf.gov.au/about-us/what-we-do/trustedtrader/benefits/sid-sesr-visa-sponsorship-accreditation
    + general_entry           20.0 https://immi.homeaffairs.gov.au/entering-and-leaving-australia/business-travel-card/australian-citizens
    + visa_decision           46.0 https://www.dfat.gov.au/about-us/publications/corporate/protocol-guidelines/4-visas-and-accreditation
    + visa_decision           44.0 https://immi.homeaffairs.gov.au/help-support/contact-us/offices-and-locations/offices-outside-australia
    + general_entry           20.0 https://immi.homeaffairs.gov.au/entering-and-leaving-australia/entering-australia/can-i-go-to-australia
    + visa_decision           44.0 https://www.homeaffairs.gov.au/help-and-support/contact-us
    + general_entry           20.0 https://www.abf.gov.au/entering-and-leaving-australia/can-you-bring-it-in/categories
    + fees                    17.4 https://immi.homeaffairs.gov.au/visas/visa-pricing-estimator
    + visa_decision           36.0 https://immi.homeaffairs.gov.au/help-support/contact-us/offices-and-locations/offices-in-australia/outside-australia
    + fees                    15.0 https://russia.embassy.gov.au/mscw/visa_fees.html
    + general_entry           20.0 https://www.abf.gov.au/entering-and-leaving-australia/can-you-bring-it-in/list-of-items
    + visa_decision           36.0 https://www.abf.gov.au/about-us/what-we-do/sponsor-sanctions/visas-and-sponsorship/pay-infringement-notice
canada/GB/GB/tourism                       pool 1035  travel_authorisation shown 47→28  lost {'travel_authorisation': 19} gained {'general_entry': 4, 'fees': 3, 'visa_decision': 3, 'document_checklist': 4, 'processing_times': 2, 'application_route': 3}
    - travel_authorisation    48.0 https://ircc.canada.ca/english/helpcentre/results-by-topic.asp?st=16.7
    - travel_authorisation    48.0 https://www.ircc.canada.ca/english/helpcentre/answer.asp?qnum=1044&top=16
    - travel_authorisation    43.0 https://eta.onlineservices-servicesenligne.apps.cic.gc.ca/eta/applicationQuery?lang=en
    - travel_authorisation    43.0 https://onlineservices-servicesenligne.cic.gc.ca/eta/applicationQuery?_ga=1.205040083.234167906.1423250354&lang=en
    - travel_authorisation    40.0 https://www.canada.ca/content/canadasite/en/immigration-refugees-citizenship/services/visit-canada/eta/facts-zh-cantonese
    - travel_authorisation    40.0 https://www.canada.ca/en/immigration-refugees-citizenship/services/visit-canada/dual-canadian-citizens-visit-canada.html?_ga=1.203365463.71767445.1353489207
    - travel_authorisation    40.0 https://www.canada.ca/en/immigration-refugees-citizenship/services/visit-canada/eta/facts-ar.html
    - travel_authorisation    40.0 https://www.canada.ca/en/immigration-refugees-citizenship/services/visit-canada/eta/facts-bg.html
    - travel_authorisation    40.0 https://www.canada.ca/en/immigration-refugees-citizenship/services/visit-canada/eta/facts-br.html
    - travel_authorisation    40.0 https://www.canada.ca/en/immigration-refugees-citizenship/services/visit-canada/eta/facts-de.html
    - travel_authorisation    40.0 https://www.canada.ca/en/immigration-refugees-citizenship/services/visit-canada/eta/facts-el.html
    - travel_authorisation    40.0 https://www.canada.ca/en/immigration-refugees-citizenship/services/visit-canada/eta/facts-es.html
    - travel_authorisation    40.0 https://www.canada.ca/en/immigration-refugees-citizenship/services/visit-canada/eta/facts-fil.html
    - travel_authorisation    40.0 https://www.canada.ca/en/immigration-refugees-citizenship/services/visit-canada/eta/facts-hu.html
    - travel_authorisation    40.0 https://www.canada.ca/en/immigration-refugees-citizenship/services/visit-canada/eta/facts-it.html
    - travel_authorisation    40.0 https://www.canada.ca/en/immigration-refugees-citizenship/services/visit-canada/eta/facts-ja.html
    - travel_authorisation    40.0 https://www.canada.ca/en/immigration-refugees-citizenship/services/visit-canada/eta/facts-ko.html
    - travel_authorisation    40.0 https://www.canada.ca/en/immigration-refugees-citizenship/services/visit-canada/eta/facts-nl.html
    - travel_authorisation    40.0 https://www.canada.ca/en/immigration-refugees-citizenship/services/visit-canada/eta/facts-pl.html
    + general_entry           22.4 https://www.cbsa-asfc.gc.ca/travel-voyage/td-dv-eng.html?wbdisable=true
    + general_entry            7.5 https://www.canada.ca/en/immigration-refugees-citizenship/services/visit-canada/parent-grandparent-super-visa/about.html
    + general_entry            5.6 https://www.cbsa-asfc.gc.ca/services/cb-cd/info@grandocustomsbroker.ca
    + fees                    38.8 https://eservices.cic.gc.ca/epay/order.do?category=1
    + fees                    38.8 https://eservices.cic.gc.ca/epay/order.do?lang=en
    + general_entry            2.0 https://cbsa-asfc.gc.ca/menu-eng.html
    + fees                    32.0 http://travel.gc.ca/assistance/emergency-info/consular/fees
    + visa_decision           34.0 https://ircc.canada.ca/english/visit/visas.asp?country=British+citizens
    + visa_decision           34.0 https://www.cic.gc.ca/english/visit/visas.asp?country=British+citizens+and+British+overseas+citizens
    + visa_decision           34.0 https://www.cic.gc.ca/english/visit/visas.asp?country=India
    + document_checklist      36.0 https://ircc.canada.ca/ENGLISH/helpcentre/answer.asp?qnum=1015&top=16
    + processing_times        23.0 https://contact.cbsa-asfc.cloud-nuage.canada.ca/?lang=en_ca
    + document_checklist      38.0 https://www.canada.ca/en/immigration-refugees-citizenship/corporate/transparency/transition-binders/deputy-minister-2026/temporary-immigration-visitors-canada.html
    + processing_times         2.5 https://www.international.gc.ca/gac-amc/about-a_propos/services/authentication-authentification/alternatives-solutions-rechange.aspx?lang=eng
    + document_checklist      36.0 http://ircc.canada.ca/english/helpcentre/answer.asp?qnum=1452&top=16
    + document_checklist      36.0 https://ircc.canada.ca/ENGLISH/helpcentre/answer.asp?qnum=1016&top=16
    + application_route       39.6 https://ircc.canada.ca/ENGLISH/helpcentre/answer.asp?qnum=1452&top=16
    + application_route       39.6 https://ircc.canada.ca/ENGLISH/helpcentre/answer.asp?qnum=442&top=16
    + application_route       36.6 https://ircc.canada.ca/English/helpcentre/answer.asp?qnum=421&top=16
canada/IN/GB/tourism                       pool 1047  oracle  5→ 5 of  5  travel_authorisation shown 44→28  lost {'travel_authorisation': 16} gained {'general_entry': 4, 'fees': 2, 'visa_decision': 2, 'document_checklist': 4, 'processing_times': 2, 'application_route': 2}
    - travel_authorisation    48.0 https://ircc.canada.ca/english/helpcentre/results-by-topic.asp?st=16.7
    - travel_authorisation    48.0 https://www.ircc.canada.ca/english/helpcentre/answer.asp?qnum=1044&top=16
    - travel_authorisation    43.0 https://eta.onlineservices-servicesenligne.apps.cic.gc.ca/eta/applicationQuery?lang=en
    - travel_authorisation    43.0 https://onlineservices-servicesenligne.cic.gc.ca/eta/applicationQuery?_ga=1.205040083.234167906.1423250354&lang=en
    - travel_authorisation    40.0 https://www.canada.ca/content/canadasite/en/immigration-refugees-citizenship/services/visit-canada/eta/facts-zh-cantonese
    - travel_authorisation    40.0 https://www.canada.ca/en/immigration-refugees-citizenship/services/visit-canada/dual-canadian-citizens-visit-canada.html?_ga=1.203365463.71767445.1353489207
    - travel_authorisation    40.0 https://www.canada.ca/en/immigration-refugees-citizenship/services/visit-canada/eta/facts-ar.html
    - travel_authorisation    40.0 https://www.canada.ca/en/immigration-refugees-citizenship/services/visit-canada/eta/facts-bg.html
    - travel_authorisation    40.0 https://www.canada.ca/en/immigration-refugees-citizenship/services/visit-canada/eta/facts-br.html
    - travel_authorisation    40.0 https://www.canada.ca/en/immigration-refugees-citizenship/services/visit-canada/eta/facts-de.html
    - travel_authorisation    40.0 https://www.canada.ca/en/immigration-refugees-citizenship/services/visit-canada/eta/facts-el.html
    - travel_authorisation    40.0 https://www.canada.ca/en/immigration-refugees-citizenship/services/visit-canada/eta/facts-es.html
    - travel_authorisation    40.0 https://www.canada.ca/en/immigration-refugees-citizenship/services/visit-canada/eta/facts-fil.html
    - travel_authorisation    40.0 https://www.canada.ca/en/immigration-refugees-citizenship/services/visit-canada/eta/facts-hu.html
    - travel_authorisation    40.0 https://www.canada.ca/en/immigration-refugees-citizenship/services/visit-canada/eta/facts-it.html
    - travel_authorisation    40.0 https://www.canada.ca/en/immigration-refugees-citizenship/services/visit-canada/eta/facts-ja.html
    + general_entry           22.4 https://www.cbsa-asfc.gc.ca/travel-voyage/td-dv-eng.html?wbdisable=true
    + general_entry            7.5 https://www.canada.ca/en/immigration-refugees-citizenship/services/visit-canada/parent-grandparent-super-visa/about.html
    + general_entry            5.6 https://www.cbsa-asfc.gc.ca/services/cb-cd/info@grandocustomsbroker.ca
    + fees                    38.8 https://eservices.cic.gc.ca/epay/order.do?category=1
    + fees                    38.8 https://eservices.cic.gc.ca/epay/order.do?lang=en
    + general_entry            2.0 https://cbsa-asfc.gc.ca/menu-eng.html
    + visa_decision           34.0 https://ircc.canada.ca/english/visit/visas.asp?country=British+citizens
    + visa_decision           34.0 https://www.cic.gc.ca/english/visit/visas.asp?country=British+citizens+and+British+overseas+citizens
    + document_checklist      36.0 https://ircc.canada.ca/ENGLISH/helpcentre/answer.asp?qnum=1015&top=16
    + processing_times        23.0 https://contact.cbsa-asfc.cloud-nuage.canada.ca/?lang=en_ca
    + document_checklist      38.0 https://www.canada.ca/en/immigration-refugees-citizenship/corporate/transparency/transition-binders/deputy-minister-2026/temporary-immigration-visitors-canada.html
    + processing_times         2.5 https://www.international.gc.ca/gac-amc/about-a_propos/services/authentication-authentification/alternatives-solutions-rechange.aspx?lang=eng
    + document_checklist      36.0 http://ircc.canada.ca/english/helpcentre/answer.asp?qnum=1452&top=16
    + document_checklist      36.0 https://ircc.canada.ca/ENGLISH/helpcentre/answer.asp?qnum=1016&top=16
    + application_route       39.6 https://ircc.canada.ca/ENGLISH/helpcentre/answer.asp?qnum=1452&top=16
    + application_route       39.6 https://ircc.canada.ca/ENGLISH/helpcentre/answer.asp?qnum=442&top=16
canada/PH/PH/tourism                       pool 1042  oracle  5→ 5 of  5  travel_authorisation shown 46→28  lost {'travel_authorisation': 18} gained {'general_entry': 4, 'fees': 2, 'visa_decision': 3, 'document_checklist': 4, 'processing_times': 2, 'application_route': 3}
    - travel_authorisation    48.0 https://ircc.canada.ca/english/helpcentre/results-by-topic.asp?st=16.7
    - travel_authorisation    48.0 https://www.ircc.canada.ca/english/helpcentre/answer.asp?qnum=1044&top=16
    - travel_authorisation    43.0 https://eta.onlineservices-servicesenligne.apps.cic.gc.ca/eta/applicationQuery?lang=en
    - travel_authorisation    43.0 https://onlineservices-servicesenligne.cic.gc.ca/eta/applicationQuery?_ga=1.205040083.234167906.1423250354&lang=en
    - travel_authorisation    40.0 https://www.canada.ca/content/canadasite/en/immigration-refugees-citizenship/services/visit-canada/eta/facts-zh-cantonese
    - travel_authorisation    40.0 https://www.canada.ca/en/immigration-refugees-citizenship/services/visit-canada/dual-canadian-citizens-visit-canada.html?_ga=1.203365463.71767445.1353489207
    - travel_authorisation    40.0 https://www.canada.ca/en/immigration-refugees-citizenship/services/visit-canada/eta/facts-ar.html
    - travel_authorisation    40.0 https://www.canada.ca/en/immigration-refugees-citizenship/services/visit-canada/eta/facts-bg.html
    - travel_authorisation    40.0 https://www.canada.ca/en/immigration-refugees-citizenship/services/visit-canada/eta/facts-br.html
    - travel_authorisation    40.0 https://www.canada.ca/en/immigration-refugees-citizenship/services/visit-canada/eta/facts-de.html
    - travel_authorisation    40.0 https://www.canada.ca/en/immigration-refugees-citizenship/services/visit-canada/eta/facts-el.html
    - travel_authorisation    40.0 https://www.canada.ca/en/immigration-refugees-citizenship/services/visit-canada/eta/facts-es.html
    - travel_authorisation    40.0 https://www.canada.ca/en/immigration-refugees-citizenship/services/visit-canada/eta/facts-fil.html
    - travel_authorisation    40.0 https://www.canada.ca/en/immigration-refugees-citizenship/services/visit-canada/eta/facts-hu.html
    - travel_authorisation    40.0 https://www.canada.ca/en/immigration-refugees-citizenship/services/visit-canada/eta/facts-it.html
    - travel_authorisation    40.0 https://www.canada.ca/en/immigration-refugees-citizenship/services/visit-canada/eta/facts-ja.html
    - travel_authorisation    40.0 https://www.canada.ca/en/immigration-refugees-citizenship/services/visit-canada/eta/facts-ko.html
    - travel_authorisation    40.0 https://www.canada.ca/en/immigration-refugees-citizenship/services/visit-canada/eta/facts-nl.html
    + general_entry           22.4 https://www.cbsa-asfc.gc.ca/travel-voyage/td-dv-eng.html?wbdisable=true
    + general_entry            7.5 https://www.canada.ca/en/immigration-refugees-citizenship/services/visit-canada/parent-grandparent-super-visa/about.html
    + general_entry            5.6 https://www.cbsa-asfc.gc.ca/services/cb-cd/info@grandocustomsbroker.ca
    + fees                    38.8 https://eservices.cic.gc.ca/epay/order.do?category=1
    + fees                    38.8 https://eservices.cic.gc.ca/epay/order.do?lang=en
    + general_entry            2.0 https://cbsa-asfc.gc.ca/menu-eng.html
    + visa_decision           34.0 https://ircc.canada.ca/english/visit/visas.asp?country=British+citizens
    + visa_decision           34.0 https://www.cic.gc.ca/english/visit/visas.asp?country=British+citizens+and+British+overseas+citizens
    + visa_decision           34.0 https://www.cic.gc.ca/english/visit/visas.asp?country=India
    + document_checklist      36.0 https://ircc.canada.ca/ENGLISH/helpcentre/answer.asp?qnum=1015&top=16
    + processing_times        23.0 https://contact.cbsa-asfc.cloud-nuage.canada.ca/?lang=en_ca
    + document_checklist      38.0 https://www.canada.ca/en/immigration-refugees-citizenship/corporate/transparency/transition-binders/deputy-minister-2026/temporary-immigration-visitors-canada.html
    + processing_times         2.5 https://www.international.gc.ca/gac-amc/about-a_propos/services/authentication-authentification/alternatives-solutions-rechange.aspx?lang=eng
    + document_checklist      36.0 http://ircc.canada.ca/english/helpcentre/answer.asp?qnum=1452&top=16
    + document_checklist      36.0 https://ircc.canada.ca/ENGLISH/helpcentre/answer.asp?qnum=1016&top=16
    + application_route       39.6 https://ircc.canada.ca/ENGLISH/helpcentre/answer.asp?qnum=1452&top=16
    + application_route       39.6 https://ircc.canada.ca/ENGLISH/helpcentre/answer.asp?qnum=442&top=16
    + application_route       36.6 https://ircc.canada.ca/English/helpcentre/answer.asp?qnum=421&top=16
czechia/IN/GB/tourism                      pool  448  oracle  6→ 6 of  6  travel_authorisation shown 14→14  lost {'visa_decision': 9} gained {'document_checklist': 8, 'application_route': 1}
    - visa_decision           16.0 https://mzv.gov.cz/jnp/en/information_for_aliens/short_stay_visa/list_of_states_whose_citizens_are/index$2548.html?action=setMonth&month=8&year=2026
    - visa_decision           16.0 https://mzv.gov.cz/jnp/en/information_for_aliens/short_stay_visa/list_of_states_whose_citizens_are/index$2548.html?action=setMonth&month=9&year=2026
    - visa_decision           16.0 https://mzv.gov.cz/jnp/en/information_for_aliens/short_stay_visa/list_of_states_whose_citizens_are_exempt/index$2548.html?action=setMonth&month=10&year=2026
    - visa_decision           16.0 https://mzv.gov.cz/jnp/en/information_for_aliens/short_stay_visa/list_of_states_whose_citizens_are_exempt/index$2548.html?action=setMonth&month=7&year=2026
    - visa_decision           16.0 https://mzv.gov.cz/jnp/en/information_for_aliens/short_stay_visa/list_of_states_whose_citizens_are_exempt/index$2548.html?action=setMonth&month=8&year=2026
    - visa_decision           16.0 https://mzv.gov.cz/jnp/en/information_for_aliens/short_stay_visa/list_of_states_whose_citizens_are_exempt/index$2548.html?action=setMonth&month=9&year=2026
    - visa_decision           16.0 https://mzv.gov.cz/jnp/en/information_for_aliens/short_stay_visa/representation_in_issuance_of_the/representation_arrangements_for_schengen.html
    - visa_decision           16.0 https://mzv.gov.cz/jnp/en/information_for_aliens/short_stay_visa/spa_and_health.html
    - visa_decision           16.0 https://mzv.gov.cz/jnp/en/information_for_aliens/short_stay_visa/spa_and_health.mobi
    + document_checklist      16.0 https://mzv.gov.cz/losangeles/en/cultural_news_and_events/consul_general_pavol_sepelak_visited.html
    + document_checklist      16.0 https://mzv.gov.cz/losangeles/en/cultural_news_and_events/czech_tourism_promotion_in_las_vegas.html
    + document_checklist      16.0 https://mzv.gov.cz/losangeles/en/czech_community_and_language/phoenix_mayor_confirms_visit_to_prague.html
    + document_checklist      16.0 https://mzv.gov.cz/losangeles/en/trade_and_economy/czech_minister_of_finance_andrej_babis.html
    + document_checklist      16.0 https://mzv.gov.cz/newdelhi/en/ko_old/national_holidays_1.html
    + document_checklist      16.0 https://mzv.gov.cz/sydney/en/culture_events/the_minister_of_foreign_affairs_jan.html
    + document_checklist      16.0 https://mzv.gov.cz/yerevan/en/culture_and_education/children_from_yerevan_zatik_children.html
    + application_route       14.5 https://edit.mzv.gov.cz/edit/EditorPage$EditorContainer$PanelFull$FULL$formView
    + document_checklist      12.5 https://mzv.gov.cz/public/e/15/d6/525205_423218_Form_RSCP_1_2010_visa_over_90days_EN.pdf
france/IN/GB/tourism                       pool  890  oracle  3→ 3 of  4  travel_authorisation shown 18→18  lost {'application_route': 5} gained {'document_checklist': 2, 'visa_decision': 3}
    - application_route       34.4 https://france-visas.gouv.fr/en/web/france-visas/jamaique
    - application_route       34.4 https://france-visas.gouv.fr/en_US/web/france-visas/general-information
    - application_route       34.4 https://www.service-public.gouv.fr/particuliers/vosdroits/R56971?lang=en
    - application_route       32.0 https://uk.diplomatie.gouv.fr/en/actualites?field_thematiques%5B194%5D=194
    - application_route       24.4 https://france-visas.gouv.fr/web/france-visas/questions-frequentes
    + document_checklist      20.0 https://www.diplomatie.gouv.fr/fr/services-aux-francais/preparer-son-expatriation/le-guide-de-l-expatriation/article/la-check-list-de-l-expatriation?lang=en
    + document_checklist      16.0 https://entreprendre.service-public.gouv.fr/vosdroits/F20558
    + visa_decision           24.0 https://france-visas.gouv.fr/c/portal/update_language?languageId=ru_RU&p_l_id=1281&redirect=%2Fen%2Fsejour-touristique-de-moins-de-3-mois
    + visa_decision           24.0 https://france-visas.gouv.fr/c/portal/update_language?languageId=ru_RU&p_l_id=1719&redirect=%2Fen-US%2Fweb%2Ffrance-visas%2Ftourism-private-stay
    + visa_decision           24.0 https://france-visas.gouv.fr/c/portal/update_language?languageId=ru_RU&p_l_id=1719&redirect=%2Fen-US%2Fweb%2Ffrance-visas%2Ftourist-or-private-visit
france/PH/PH/tourism                       pool  884  oracle  3→ 3 of  4  travel_authorisation shown 11→11  lost {'application_route': 4} gained {'visa_decision': 4}
    - application_route       34.4 https://france-visas.gouv.fr/en/web/france-visas/jamaique
    - application_route       34.4 https://france-visas.gouv.fr/en_US/web/france-visas/general-information
    - application_route       34.4 https://www.service-public.gouv.fr/particuliers/vosdroits/R56971?lang=en
    - application_route       24.4 https://france-visas.gouv.fr/web/france-visas/questions-frequentes
    + visa_decision           24.0 https://france-visas.gouv.fr/c/portal/update_language?languageId=fr_FR&p_l_id=1719&redirect=%2Fen-US%2Fweb%2Ffrance-visas%2Ftourist-or-private-visit
    + visa_decision           24.0 https://france-visas.gouv.fr/c/portal/update_language?languageId=ru_RU&p_l_id=1242&redirect=%2Fen%2Ftourisme-et-sejour-prive
    + visa_decision           24.0 https://france-visas.gouv.fr/c/portal/update_language?languageId=ru_RU&p_l_id=1281&redirect=%2Fen%2Fsejour-touristique-de-moins-de-3-mois
    + visa_decision           24.0 https://france-visas.gouv.fr/c/portal/update_language?languageId=ru_RU&p_l_id=1719&redirect=%2Fen-US%2Fweb%2Ffrance-visas%2Ftourism-private-stay
france/US/US/tourism                       pool  894  travel_authorisation shown 15→15  lost {'application_route': 6} gained {'visa_decision': 6}
    - application_route       34.4 https://france-visas.gouv.fr/en/web/france-visas/general-information
    - application_route       34.4 https://france-visas.gouv.fr/en/web/france-visas/jamaique
    - application_route       34.4 https://france-visas.gouv.fr/en_US/web/france-visas/general-information
    - application_route       34.4 https://www.france-visas.gouv.fr/en/web/france-visas/visa-de-court-sejour
    - application_route       32.0 https://us.diplomatie.gouv.fr/en/actualites?field_thematiques%5B194%5D=194
    - application_route       24.4 https://france-visas.gouv.fr/web/france-visas/questions-frequentes
    + visa_decision           24.0 https://france-visas.gouv.fr/c/portal/update_language?languageId=es_ES&p_l_id=1719&redirect=%2Fen-US%2Fweb%2Ffrance-visas%2Ftourist-or-private-visit
    + visa_decision           24.0 https://france-visas.gouv.fr/c/portal/update_language?languageId=fr_FR&p_l_id=1281&redirect=%2Fen%2Fsejour-touristique-de-moins-de-3-mois
    + visa_decision           24.0 https://france-visas.gouv.fr/c/portal/update_language?languageId=fr_FR&p_l_id=1719&redirect=%2Fen-US%2Fweb%2Ffrance-visas%2Ftourism-private-stay
    + visa_decision           24.0 https://france-visas.gouv.fr/c/portal/update_language?languageId=fr_FR&p_l_id=1719&redirect=%2Fen-US%2Fweb%2Ffrance-visas%2Ftourist-or-private-visit
    + visa_decision           24.0 https://france-visas.gouv.fr/c/portal/update_language?languageId=ru_RU&p_l_id=1242&redirect=%2Fen%2Ftourisme-et-sejour-prive
    + visa_decision           24.0 https://france-visas.gouv.fr/c/portal/update_language?languageId=ru_RU&p_l_id=1281&redirect=%2Fen%2Fsejour-touristique-de-moins-de-3-mois
germany/IN/GB/tourism                      pool  582  oracle  6→ 6 of  6  travel_authorisation shown 3→3  lost {'visa_decision': 10} gained {'document_checklist': 2, 'application_route': 8}
    - visa_decision            4.0 https://dublin.diplo.de/ie-en/barrierefreiheit-kontakt-formular?contentId=2565772&pageId=1355144&url=%2Fie-en%2Fschengen-visa-aplications-faqs-2565772
    - visa_decision            4.0 https://harare.diplo.de/zw-de/service/kontakt-formular?preSelectedId=2596150
    - visa_decision            4.0 https://harare.diplo.de/zw-en/barrierefreiheit-kontakt-formular?contentId=2595920&pageId=2595930&url=%2Fzw-en%2Fservice%2Fvisa%2Fnationale-visa%2F2595920-2595920
    - visa_decision            4.0 https://harare.diplo.de/zw-en/barrierefreiheit-kontakt-formular?contentId=2595974&pageId=2596000&url=%2Fzw-en%2Fservice%2Fvisa%2Fschengenvisa%2F2595974-2595974
    - visa_decision            4.0 https://harare.diplo.de/zw-en/barrierefreiheit-kontakt-formular?contentId=2595980&pageId=2596000&url=%2Fzw-en%2Fservice%2Fvisa%2Fschengenvisa%2F2595980-2595980
    - visa_decision            4.0 https://harare.diplo.de/zw-en/barrierefreiheit-kontakt-formular?contentId=2596000&pageId=2596000&url=%2Fzw-en%2Fservice%2Fvisa%2Fschengenvisa
    - visa_decision            4.0 https://harare.diplo.de/zw-en/barrierefreiheit-kontakt-formular?contentId=2596002&pageId=2596000&url=%2Fzw-en%2Fservice%2Fvisa%2Fschengenvisa%2F2596002-2596002
    - visa_decision            4.0 https://kathmandu.diplo.de/np-en/barrierefreiheit-kontakt-formular?contentId=2314486&pageId=2225416&url=%2Fnp-en%2Fservice%2F01-visaeinreise%2F2314486-2314486
    - visa_decision            4.0 https://kuwait.diplo.de/kw-en/barrierefreiheit-kontakt-formular?contentId=2643014&pageId=1902368&url=%2Fkw-en%2Fservice%2Fvisa-einreise%2F2643014-2643014
    - visa_decision            4.0 https://kuwait.diplo.de/kw-en/service/visa-einreise/2643014-2643014
    + document_checklist       0.5 https://polen.diplo.de/en/229902-229902
    + document_checklist       0.5 https://polen.diplo.de/en/229908-229908
    + application_route        3.0 https://australien.diplo.de/au-en/barrierefreiheit-kontakt-formular?contentId=1899690&pageId=1899692&url=%2Fau-en%2Fservice%2Fappointments-1899690
    + application_route        2.0 https://allemagneenfrance.diplo.de/fr-de/service/visa/2582312-2582312
    + application_route        2.0 https://allemagneenfrance.diplo.de/fr-de/service/visa/2582822-2582822
    + application_route        2.0 https://allemagneenfrance.diplo.de/fr-de/service/visa/2752268-2752268
    + application_route        2.0 https://allemagneenfrance.diplo.de/fr-de/service/visa/2752278-2752278
    + application_route        2.0 https://allemagneenfrance.diplo.de/fr-de/service/visa/2752284-2752284
    + application_route        1.0 https://service2.diplo.de/rktermin/extern/choose_realmList.do?locationCode=newy&request_locale=en
    + application_route        1.0 https://service2.diplo.de/rktermin/extern/choose_realmList.do?locationCode=wash&request_locale=en
germany/PH/PH/tourism                      pool  535  oracle  6→ 6 of  6  travel_authorisation shown 2→2  lost {'visa_decision': 10} gained {'document_checklist': 2, 'application_route': 8}
    - visa_decision            4.0 https://dublin.diplo.de/ie-en/barrierefreiheit-kontakt-formular?contentId=2565772&pageId=1355144&url=%2Fie-en%2Fschengen-visa-aplications-faqs-2565772
    - visa_decision            4.0 https://harare.diplo.de/zw-de/service/kontakt-formular?preSelectedId=2596150
    - visa_decision            4.0 https://harare.diplo.de/zw-en/barrierefreiheit-kontakt-formular?contentId=2595920&pageId=2595930&url=%2Fzw-en%2Fservice%2Fvisa%2Fnationale-visa%2F2595920-2595920
    - visa_decision            4.0 https://harare.diplo.de/zw-en/barrierefreiheit-kontakt-formular?contentId=2595974&pageId=2596000&url=%2Fzw-en%2Fservice%2Fvisa%2Fschengenvisa%2F2595974-2595974
    - visa_decision            4.0 https://harare.diplo.de/zw-en/barrierefreiheit-kontakt-formular?contentId=2595980&pageId=2596000&url=%2Fzw-en%2Fservice%2Fvisa%2Fschengenvisa%2F2595980-2595980
    - visa_decision            4.0 https://harare.diplo.de/zw-en/barrierefreiheit-kontakt-formular?contentId=2596000&pageId=2596000&url=%2Fzw-en%2Fservice%2Fvisa%2Fschengenvisa
    - visa_decision            4.0 https://harare.diplo.de/zw-en/barrierefreiheit-kontakt-formular?contentId=2596002&pageId=2596000&url=%2Fzw-en%2Fservice%2Fvisa%2Fschengenvisa%2F2596002-2596002
    - visa_decision            4.0 https://kathmandu.diplo.de/np-en/barrierefreiheit-kontakt-formular?contentId=2314486&pageId=2225416&url=%2Fnp-en%2Fservice%2F01-visaeinreise%2F2314486-2314486
    - visa_decision            4.0 https://kuwait.diplo.de/kw-en/barrierefreiheit-kontakt-formular?contentId=2643014&pageId=1902368&url=%2Fkw-en%2Fservice%2Fvisa-einreise%2F2643014-2643014
    - visa_decision            4.0 https://kuwait.diplo.de/kw-en/service/visa-einreise/2643014-2643014
    + document_checklist       0.5 https://polen.diplo.de/en/229902-229902
    + document_checklist       0.5 https://polen.diplo.de/en/229908-229908
    + application_route        3.0 https://australien.diplo.de/au-en/barrierefreiheit-kontakt-formular?contentId=1899690&pageId=1899692&url=%2Fau-en%2Fservice%2Fappointments-1899690
    + application_route        2.0 https://allemagneenfrance.diplo.de/fr-de/service/visa/2582312-2582312
    + application_route        2.0 https://allemagneenfrance.diplo.de/fr-de/service/visa/2582822-2582822
    + application_route        2.0 https://allemagneenfrance.diplo.de/fr-de/service/visa/2752268-2752268
    + application_route        2.0 https://allemagneenfrance.diplo.de/fr-de/service/visa/2752278-2752278
    + application_route        2.0 https://allemagneenfrance.diplo.de/fr-de/service/visa/2752284-2752284
    + application_route        1.0 https://service2.diplo.de/rktermin/extern/choose_realmList.do?locationCode=newy&request_locale=en
    + application_route        1.0 https://service2.diplo.de/rktermin/extern/choose_realmList.do?locationCode=wash&request_locale=en
indonesia/IN/GB/tourism                    pool  762  oracle  6→ 6 of  6  travel_authorisation shown 0→0  lost {'document_checklist': 10} gained {'visa_decision': 10}
    - document_checklist      38.0 https://www.bps.go.id/en/statistics-table/2/MTE4OCMy/proporsi-kontribusi-pariwisata-terhadap-pdb.html
    - document_checklist      38.0 https://www.bps.go.id/en/statistics-table/2/MTQ3MCMy/jumlah-kunjungan-wisatawan-mancanegara-per-bulan-menurut-kebangsaan.html
    - document_checklist      38.0 https://www.bps.go.id/en/statistics-table/2/MTQ3MCMy/kunjungan-wisatawan-mancanegara-per-bulan-menurut-kebangsaan--kunjungan-.html
    - document_checklist      38.0 https://www.bps.go.id/en/statistics-table/2/MTQ3MCMy/tourist-visits-abroad-by-month.html
    - document_checklist      38.0 https://www.bps.go.id/en/statistics-table/2/MTgyMSMy/jumlah-kunjungan-wisatawan-mancanegara-
    - document_checklist      38.0 https://www.bps.go.id/en/statistics-table/2/MTgyMSMy/jumlah-kunjungan-wisatawan-mancanegara-ke-indonesia-menurut-kebangsaan%E2%80%93kunjungan-.html
    - document_checklist      38.0 https://www.bps.go.id/en/statistics-table/2/MTgyMSMy/number-of-foreign-tourist-visits-to-indonesia-by-nationality.html
    - document_checklist      38.0 https://www.bps.go.id/en/statistics-table/2/MjE5NSMy/jumlah-perjalanan-wisatawan-nasional--perjalanan-.html
    - document_checklist      38.0 https://www.bps.go.id/en/statistics-table/2/MjIwMSMy/jumlah-perjalanan-wisatawan-nusantara-menurut-provinsi-tujuan.html
    - document_checklist      38.0 https://www.bps.go.id/en/statistics-table/2/MjcyIzI=/rata-rata-pengeluaran-wisatawan-mancanegara-per-kunjungan-menurut-negara-tempat-tinggal-.html
    + visa_decision           37.0 https://kemlu.go.id/id/muscat/pelayanan-perwakilan/multiple-entry-visa
    + visa_decision           32.4 https://kemlu.go.id/copenhagen/en/pages/bebas_visa_kunjungan/2601/etc-menu
    + visa_decision           29.0 https://visa.imigrasi.go.id/
    + visa_decision           26.0 https://kemlu.go.id/brussels/en/pages/social_and_cultural_visa__visit_visa_/1607/etc-menu
    + visa_decision           26.0 https://www.kemlu.go.id/sanfrancisco/en/pages/tourist_visit_visa/515/about-service
    + visa_decision           24.0 https://kemlu.go.id/rome/en/pages/visa_kunjungan/1193/etc-menu
    + visa_decision           24.0 https://kemlu.go.id/toronto/en/pages/visa_beberapa_kali_kunjungan/206/about-service
    + visa_decision           24.0 https://kemlu.go.id/toronto/en/pages/visa_satu_kali_kunjungan/205/about-service
    + visa_decision           15.0 https://www.imigrasi.go.id/wna/permohonan-visa-republik-indonesia/visa-kunjungan-satu-kali-perjalanan-indeks-a4?golden_visa=0
    + visa_decision           14.0 https://imigrasi.go.id/index.php/berita/berita-utama/996-169-negara-resmi-dibebaskan-dari-visa-untuk-kunjungan-ke-indonesia
indonesia/PH/PH/tourism                    pool  769  oracle  2→ 2 of  2  travel_authorisation shown 0→0  lost {'document_checklist': 10} gained {'visa_decision': 10}
    - document_checklist      38.0 https://www.bps.go.id/en/statistics-table/2/MTE1MCMy/kunjungan-wisman-ke-indonesia--desember-2025.html
    - document_checklist      38.0 https://www.bps.go.id/en/statistics-table/2/MTE4OCMy/proporsi-kontribusi-pariwisata-terhadap-pdb.html
    - document_checklist      38.0 https://www.bps.go.id/en/statistics-table/2/MTQ3MCMy/jumlah-kunjungan-wisatawan-mancanegara-per-bulan-menurut-kebangsaan.html
    - document_checklist      38.0 https://www.bps.go.id/en/statistics-table/2/MTQ3MCMy/kunjungan-wisatawan-mancanegara-per-bulan-menurut-kebangsaan--kunjungan-.html
    - document_checklist      38.0 https://www.bps.go.id/en/statistics-table/2/MTQ3MCMy/tourist-visits-abroad-by-month.html
    - document_checklist      38.0 https://www.bps.go.id/en/statistics-table/2/MTgyMSMy/jumlah-kunjungan-wisatawan-mancanegara-
    - document_checklist      38.0 https://www.bps.go.id/en/statistics-table/2/MTgyMSMy/jumlah-kunjungan-wisatawan-mancanegara-ke-indonesia-menurut-kebangsaan%E2%80%93kunjungan-.html
    - document_checklist      38.0 https://www.bps.go.id/en/statistics-table/2/MTgyMSMy/number-of-foreign-tourist-visits-to-indonesia-by-nationality.html
    - document_checklist      38.0 https://www.bps.go.id/en/statistics-table/2/MjE5NSMy/jumlah-perjalanan-wisatawan-nasional--perjalanan-.html
    - document_checklist      38.0 https://www.bps.go.id/en/statistics-table/2/MjIwMSMy/jumlah-perjalanan-wisatawan-nusantara-menurut-provinsi-tujuan.html
    + visa_decision           37.0 https://kemlu.go.id/id/muscat/pelayanan-perwakilan/multiple-entry-visa
    + visa_decision           32.4 https://kemlu.go.id/copenhagen/en/pages/bebas_visa_kunjungan/2601/etc-menu
    + visa_decision           29.0 https://visa.imigrasi.go.id/
    + visa_decision           26.0 https://kemlu.go.id/brussels/en/pages/social_and_cultural_visa__visit_visa_/1607/etc-menu
    + visa_decision           26.0 https://www.kemlu.go.id/sanfrancisco/en/pages/tourist_visit_visa/515/about-service
    + visa_decision           24.0 https://kemlu.go.id/rome/en/pages/visa_kunjungan/1193/etc-menu
    + visa_decision           24.0 https://kemlu.go.id/toronto/en/pages/visa_beberapa_kali_kunjungan/206/about-service
    + visa_decision           24.0 https://kemlu.go.id/toronto/en/pages/visa_satu_kali_kunjungan/205/about-service
    + visa_decision           15.0 https://www.imigrasi.go.id/wna/permohonan-visa-republik-indonesia/visa-kunjungan-satu-kali-perjalanan-indeks-a4?golden_visa=0
    + visa_decision           14.0 https://imigrasi.go.id/index.php/berita/berita-utama/996-169-negara-resmi-dibebaskan-dari-visa-untuk-kunjungan-ke-indonesia
japan/GB/GB/tourism                        pool  171  travel_authorisation shown 4→4  lost {} gained {}
japan/IN/GB/tourism                        pool  184  oracle  6→ 6 of  6  travel_authorisation shown 4→4  lost {'application_route': 6} gained {'visa_decision': 5, 'document_checklist': 1}
    - application_route       15.5 https://www.mofa.go.jp/mofaj/ca/fna/page23_001834.html
    - application_route        9.0 https://www.mofa.go.jp/mofaj/files/100380218.pdf
    - application_route        7.5 https://www.mofa.go.jp/mofaj/toko/visa/tanki/philippine.html
    - application_route        6.0 https://www.mofa.go.jp/mofaj/files/000137089.pdf
    - application_route        6.0 https://www.mofa.go.jp/mofaj/files/000472928.pdf
    - application_route        5.0 https://www.mofa.go.jp/files/000137089.pdf
    + visa_decision            4.0 https://www.mofa.go.jp/mofaj/ca/fna/page22_003130.html
    + visa_decision            4.0 https://www.mofa.go.jp/mofaj/ca/fna/page22_003381.html
    + visa_decision            4.0 https://www.mofa.go.jp/mofaj/toko/visa/faq.html
    + visa_decision            4.0 https://www.uk.emb-japan.go.jp/itpr_en/Visa_Agents.html
    + visa_decision            4.0 https://www.uk.emb-japan.go.jp/itpr_en/index_000073.html
    + document_checklist       0.5 https://www.mofa.go.jp/j_info/visit/visa/medical_stay1.html
japan/PH/PH/tourism                        pool  148  oracle  6→ 6 of  6  travel_authorisation shown 3→3  lost {} gained {}
malaysia/IN/GB/tourism                     pool  312  oracle  1→ 1 of  1  travel_authorisation shown 1→1  lost {'document_checklist': 7} gained {'visa_decision': 7}
    - document_checklist      28.0 https://www.malaysia.gov.my/en/categories/tourism/domestic-travel/agrotourism-programs-in-malaysia
    - document_checklist      28.0 https://www.malaysia.gov.my/en/categories/tourism/domestic-travel/list-of-licensed-tourist-guide-check
    - document_checklist      28.0 https://www.malaysia.gov.my/en/categories/tourism/domestic-travel/list-of-tourism-mosques
    - document_checklist      28.0 https://www.malaysia.gov.my/en/categories/tourism/domestic-travel/malaysia-tourism-events-calendar
    - document_checklist      28.0 https://www.malaysia.gov.my/en/categories/tourism/domestic-travel/muslim-friendly-tourism-and-hospitality-mfth
    - document_checklist      26.0 https://www.imi.gov.my/index.php/en/keratan-akhbar/new-rules-for-foreign-visitors-to-malaysia
    - document_checklist      26.0 https://www.imi.gov.my/index.php/en/pengumuman/immigration-department-of-malaysia-counter-closing-in-celebration-of-aidilfitri-holiday
    + visa_decision           18.0 https://www.kln.gov.my/documents/34253/9317945/ENTRY+REQUIREMENTS+AND+VISA+PROCEDURE+TO+MALAYSIA+(1).pdf/69b2d443-f8ea-440c-9156-a6c3cc707ba7
    + visa_decision           18.0 https://www.kln.gov.my/documents/34253/9317945/ENTRY+REQUIREMENTS+AND+VISA+PROCEDURE+TO+MALAYSIA+(5).pdf/1caef940-b114-4b60-9a0b-972c4a814799
    + visa_decision           18.0 https://www.kln.gov.my/documents/34253/9317945/ENTRY+REQUIREMENTS+AND+VISA+PROCEDURE+TO+MALAYSIA.pdf/8b92fc2f-3b9b-468a-9b6f-682959addb28
    + visa_decision           14.0 https://malaysiavisa.imi.gov.my/
    + visa_decision           14.0 https://malaysiavisa.imi.gov.my/faq
    + visa_decision           14.0 https://malaysiavisa.imi.gov.my/terms-and-conditions
    + visa_decision           14.0 https://www.kln.gov.my/web/mar_rabat/post/visa-information
malaysia/PH/PH/tourism                     pool  305  oracle  1→ 1 of  1  travel_authorisation shown 0→0  lost {'document_checklist': 3, 'application_route': 4} gained {'visa_decision': 7}
    - document_checklist      28.0 https://www.malaysia.gov.my/en/categories/tourism/domestic-travel/muslim-friendly-tourism-and-hospitality-mfth
    - document_checklist      26.0 https://www.imi.gov.my/index.php/en/keratan-akhbar/new-rules-for-foreign-visitors-to-malaysia
    - document_checklist      26.0 https://www.imi.gov.my/index.php/en/pengumuman/immigration-department-of-malaysia-counter-closing-in-celebration-of-aidilfitri-holiday
    - application_route       22.0 https://malaysiavisa.imi.gov.my/evisa/FAQ/PDF/FAQ/Support/FAQ_en.pdf?version=3.8.2
    - application_route       22.0 https://malaysiavisa.imi.gov.my/evisa/FAQ/PDF/FAQ/Support/FAQ_en.pdf?version=3.8.6
    - application_route       22.0 https://malaysiavisa.imi.gov.my/evisa/FAQ/PDF/FAQ/T&C/eVISA/eVISA_en.pdf?version=3.8
    - application_route       21.0 https://sto.imi.gov.my/sto/cancel_appointment.php
    + visa_decision           18.0 https://www.kln.gov.my/documents/34253/9317945/ENTRY+REQUIREMENTS+AND+VISA+PROCEDURE+TO+MALAYSIA+(1).pdf/69b2d443-f8ea-440c-9156-a6c3cc707ba7
    + visa_decision           18.0 https://www.kln.gov.my/documents/34253/9317945/ENTRY+REQUIREMENTS+AND+VISA+PROCEDURE+TO+MALAYSIA+(5).pdf/1caef940-b114-4b60-9a0b-972c4a814799
    + visa_decision           18.0 https://www.kln.gov.my/documents/34253/9317945/ENTRY+REQUIREMENTS+AND+VISA+PROCEDURE+TO+MALAYSIA.pdf/8b92fc2f-3b9b-468a-9b6f-682959addb28
    + visa_decision           14.0 https://malaysiavisa.imi.gov.my/
    + visa_decision           14.0 https://malaysiavisa.imi.gov.my/faq
    + visa_decision           14.0 https://malaysiavisa.imi.gov.my/terms-and-conditions
    + visa_decision           14.0 https://www.kln.gov.my/web/mar_rabat/post/visa-information
netherlands/IN/GB/tourism                  pool  588  oracle  4→ 4 of  4  travel_authorisation shown 3→3  lost {'fees': 6, 'application_route': 4} gained {'visa_decision': 8, 'document_checklist': 2}
    - fees                    39.0 https://www.netherlandsworldwide.nl/consular-fees/puerto-rico
    - fees                    39.0 https://www.netherlandsworldwide.nl/consular-fees/reunion
    - fees                    39.0 https://www.netherlandsworldwide.nl/consular-fees/tokelau
    - fees                    39.0 https://www.netherlandsworldwide.nl/consular-fees/turks-and-caicos-islands
    - fees                    39.0 https://www.netherlandsworldwide.nl/consular-fees/wallis-and-futuna
    - fees                    29.0 https://www.netherlandsworldwide.nl/consular-fees/algeria.fr
    - application_route       40.0 https://www.netherlandsworldwide.nl/passport-id-card/abroad/apply-british-vrigin-islands
    - application_route       40.0 https://www.netherlandsworldwide.nl/passport-id-card/abroad/apply-india
    - application_route       40.0 https://www.netherlandsworldwide.nl/passport-id-card/abroad/apply-united-kingdom
    - application_route       35.6 https://www.netherlandsworldwide.nl/countries/india/travel/applying-for-a-long-stay-visa-mvv
    + visa_decision           24.0 https://www.netherlandsworldwide.nl/caribbean-visa/short-stay/es
    + visa_decision           24.0 https://www.netherlandsworldwide.nl/caribbean-visa/short-stay/fr
    + visa_decision           24.0 https://www.netherlandsworldwide.nl/visa-the-netherlands/sponsor-invite-short-stay.de
    + visa_decision           24.0 https://www.netherlandsworldwide.nl/visa-the-netherlands/sponsor-invite-short-stay.es
    + visa_decision           24.0 https://www.netherlandsworldwide.nl/visa-the-netherlands/sponsor-invite-short-stay.fr
    + visa_decision           24.0 https://www.netherlandsworldwide.nl/visa-the-netherlands/sponsoring.de
    + visa_decision           24.0 https://www.netherlandsworldwide.nl/visa-the-netherlands/sponsoring.es
    + visa_decision           24.0 https://www.netherlandsworldwide.nl/visa-the-netherlands/sponsoring.fr
    + document_checklist      26.0 https://business.gov.nl/regulations/inspections-government-organisations
    + document_checklist      26.0 https://www.government.nl/faq/on-which-public-holidays-are-schools-closed-in-the-netherlands
netherlands/PH/PH/tourism                  pool  564  oracle  5→ 5 of  5  travel_authorisation shown 3→3  lost {'fees': 9, 'application_route': 1} gained {'visa_decision': 10}
    - fees                    39.0 https://www.netherlandsworldwide.nl/consular-fees/wallis-and-futuna
    - fees                    29.0 https://www.netherlandsworldwide.nl/consular-fees/algeria.fr
    - fees                    29.0 https://www.netherlandsworldwide.nl/consular-fees/argentina.es
    - fees                    29.0 https://www.netherlandsworldwide.nl/consular-fees/austria.de
    - fees                    29.0 https://www.netherlandsworldwide.nl/consular-fees/belgium.fr
    - fees                    29.0 https://www.netherlandsworldwide.nl/consular-fees/belize.es
    - fees                    29.0 https://www.netherlandsworldwide.nl/consular-fees/benin.fr
    - fees                    29.0 https://www.netherlandsworldwide.nl/consular-fees/bolivia.es
    - fees                    29.0 https://www.netherlandsworldwide.nl/consular-fees/burkina-faso.fr
    - application_route       35.6 https://www.netherlandsworldwide.nl/visa-the-netherlands/mvv-long-stay/apply-philippines
    + visa_decision           24.0 https://www.netherlandsworldwide.nl/caribbean-visa/short-stay/es
    + visa_decision           24.0 https://www.netherlandsworldwide.nl/caribbean-visa/short-stay/fr
    + visa_decision           24.0 https://www.netherlandsworldwide.nl/visa-the-netherlands/sponsor-invite-short-stay.de
    + visa_decision           24.0 https://www.netherlandsworldwide.nl/visa-the-netherlands/sponsor-invite-short-stay.es
    + visa_decision           24.0 https://www.netherlandsworldwide.nl/visa-the-netherlands/sponsor-invite-short-stay.fr
    + visa_decision           24.0 https://www.netherlandsworldwide.nl/visa-the-netherlands/sponsoring.de
    + visa_decision           24.0 https://www.netherlandsworldwide.nl/visa-the-netherlands/sponsoring.es
    + visa_decision           24.0 https://www.netherlandsworldwide.nl/visa-the-netherlands/sponsoring.fr
    + visa_decision           19.0 https://www.netherlandsworldwide.nl/visa-the-netherlands/difference-single-multiple-entry-visa.de
    + visa_decision           19.0 https://www.netherlandsworldwide.nl/visa-the-netherlands/difference-single-multiple-entry-visa.es
new-zealand/US/US/tourism                  pool  557  travel_authorisation shown 30→32  lost {'application_route': 7} gained {'travel_authorisation': 2, 'fees': 4, 'document_checklist': 1}
    - application_route       65.6 https://immigration.gtm.mbie.govt.nz/about-us/our-online-systems/applying-for-a-visa-online
    - application_route       57.0 https://www.immigration.govt.nz/about-us/about-this-site/using-our-website-and-online-tools/immigration-online-terms-of-use
    - application_route       56.4 https://immigration.govt.nz/new-zealand-visas/preparing-a-visa-application/the-application-process/evisas
    - application_route       56.4 https://www.immigration.govt.nz/new-zealand-visas/preparing-a-visa-application/the-application-process/evisas
    - application_route       47.0 https://www.immigration.govt.nz/about-us/news-centre/pathway-for-health-professionals-to-nursing-jobs-in-new-zealand
    - application_route       46.0 https://www.immigration.govt.nz/process-to-apply/applying-for-a-visa/applying-online/security-and-privacy-of-immigration-online
    - application_route       42.0 https://www.mfat.govt.nz/en/follow-us
    + travel_authorisation    38.0 https://www.mbie.govt.nz/dmsdocument/12995-electronic-travel-authority-information-pdf
    + travel_authorisation    33.0 https://www.mbie.govt.nz/dmsdocument/29073-requiring-cargo-ship-crew-and-passengers-to-hold-an-nzeta-proactiverelease-pdf
    + fees                    34.4 https://www.mbie.govt.nz/dmsdocument/2834-consultation-immigration-fees-levies-pdf
    + fees                    12.4 https://www.immigration.govt.nz/opsmanual/41440.htm
    + fees                    12.0 https://www.mbie.govt.nz/immigration-and-tourism/isolation-and-quarantine/managed-isolation-and-quarantine/charges-for-managed-isolation/waivers-for-charges
    + fees                     4.4 https://www.mbie.govt.nz/assets/fe96791ecc/ris-review-of-fees-for-clearance-and-authorisation-applications.pdf
    + document_checklist      36.0 https://www.immigration.govt.nz/opsmanual/34302.htm
singapore/IN/GB/tourism                    pool  513  oracle  6→ 6 of  6  travel_authorisation shown 1→1  lost {'document_checklist': 9, 'application_route': 3} gained {'document_checklist': 1, 'general_entry': 4, 'visa_decision': 7}
    - document_checklist      26.0 https://www.ica.gov.sg/visitor/visitor_extendyourstay
    - document_checklist      26.0 https://xiamen.mfa.gov.sg/public-holidays
    - document_checklist      21.0 https://new-delhi.mfa.gov.sg/mission-updates/dpm-visit-1-01-oct-2019
    - document_checklist      21.0 https://new-delhi.mfa.gov.sg/mission-updates/dpm-visit-2-03-oct-2019
    - document_checklist      21.0 https://new-delhi.mfa.gov.sg/mission-updates/dpm-visit-3-04-oct-2019
    - document_checklist      21.0 https://new-delhi.mfa.gov.sg/mission-updates/sm-visit-to-india-05-jan-2020
    - document_checklist      16.0 https://ask.gov.sg/ica?page=1&topic=Long-Term+Visit+Pass+%28LTVP%29
    - document_checklist      16.0 https://ask.gov.sg/msf?subtopic=Voluntary+Visit+Limit&topic=Gambling+Safeguards
    - document_checklist      16.0 https://www.mha.gov.sg/mediaroom/parliamentary/written-reply-to-parliamentary-question-on-long-term-visit-pass-holders-who-requested-for-the-renewal-of-their-pass-through-non-spousal-sponsorship-by-mr-k-shanmugam-minister-for-home-affairs-and-minister-for-law
    - application_route       23.0 https://www.ica.gov.sg/check-status-make-appointment/check-status-of-online-application/passport
    - application_route       17.6 https://ask.gov.sg/ica/questions/clos83fvz01mt5k0wc7xg5v1u
    - application_route       16.0 https://ask.gov.sg/ica/questions/clos83fug00v55k0wigr8oqcr?from=topics
    + document_checklist      10.5 https://www.ica.gov.sg/enteringanddeparting/entry_requirements
    + general_entry            6.0 https://www.ica.gov.sg/feedbackform/travel-information_formsg
    + general_entry            5.5 https://www.ica.gov.sg/redirect-links/app-links/myica-app-store
    + general_entry            5.5 https://www.ica.gov.sg/redirect-links/app-links/myica-google-play
    + general_entry            2.0 https://ask.gov.sg/
    + visa_decision           14.0 https://ask.gov.sg/ica/questions/clos83fvx01m55k0wcc7k67o2
    + visa_decision           14.0 https://ask.gov.sg/ica/questions/clos83fvx01mb5k0ww9yau2xd
    + visa_decision           14.0 https://ask.gov.sg/ica/questions/clos83fw001nl5k0wz1owly5x
    + visa_decision           14.0 https://ask.gov.sg/ica/questions/clos83fw101nv5k0wuc4i7sy0
    + visa_decision           14.0 https://ask.gov.sg/ica/questions/clos83fw201of5k0wsngh1loy
    + visa_decision           14.0 https://dhaka.mfa.gov.sg/consular-services/visa-information/visa-application
    + visa_decision           14.0 https://manila.mfa.gov.sg/visa-information
singapore/PH/PH/tourism                    pool  499  oracle  2→ 2 of  2  travel_authorisation shown 1→1  lost {'document_checklist': 5, 'application_route': 2} gained {'document_checklist': 1, 'general_entry': 4, 'visa_decision': 2}
    - document_checklist      26.0 https://www.ica.gov.sg/visitor/visitor_extendyourstay
    - document_checklist      26.0 https://xiamen.mfa.gov.sg/public-holidays
    - document_checklist      16.0 https://ask.gov.sg/ica?page=1&topic=Long-Term+Visit+Pass+%28LTVP%29
    - document_checklist      16.0 https://ask.gov.sg/msf?subtopic=Voluntary+Visit+Limit&topic=Gambling+Safeguards
    - document_checklist      16.0 https://www.mha.gov.sg/mediaroom/parliamentary/written-reply-to-parliamentary-question-on-long-term-visit-pass-holders-who-requested-for-the-renewal-of-their-pass-through-non-spousal-sponsorship-by-mr-k-shanmugam-minister-for-home-affairs-and-minister-for-law
    - application_route       23.0 https://www.ica.gov.sg/check-status-make-appointment/check-status-of-online-application/passport
    - application_route       16.0 https://ask.gov.sg/ica/questions/clos83fug00v55k0wigr8oqcr?from=topics
    + document_checklist      10.5 https://www.ica.gov.sg/enteringanddeparting/entry_requirements
    + general_entry            6.0 https://www.ica.gov.sg/feedbackform/travel-information_formsg
    + general_entry            5.5 https://www.ica.gov.sg/redirect-links/app-links/myica-app-store
    + general_entry            5.5 https://www.ica.gov.sg/redirect-links/app-links/myica-google-play
    + general_entry            2.0 https://ask.gov.sg/
    + visa_decision           14.0 https://staging.ask.gov.sg/ica?subtopic=Application&topic=Visa
    + visa_decision           14.0 https://www.ica.gov.sg/search-results?category=all&page=1&searchText=business+visa
south-korea/IN/IN/tourism                  pool  787  travel_authorisation shown 74→52  lost {'travel_authorisation': 25} gained {'document_checklist': 6, 'application_route': 5, 'travel_authorisation': 3, 'general_entry': 3, 'visa_decision': 8}
    - travel_authorisation    43.0 https://k-eta.go.kr/portal/board/viewboarddetail.do?bbsSn=297989
    - travel_authorisation    43.0 https://k-eta.go.kr/portal/board/viewboarddetail.do?bbsSn=297991
    - travel_authorisation    43.0 https://k-eta.go.kr/portal/board/viewboarddetail.do?bbsSn=297991&esntlPnotiMtYn=Y
    - travel_authorisation    43.0 https://k-eta.go.kr/portal/board/viewboarddetail.do?bbsSn=297992
    - travel_authorisation    43.0 https://k-eta.go.kr/portal/board/viewboarddetail.do?bbsSn=297993
    - travel_authorisation    43.0 https://k-eta.go.kr/portal/board/viewboarddetail.do?bbsSn=299706
    - travel_authorisation    43.0 https://k-eta.go.kr/portal/board/viewboarddetail.do?bbsSn=299706&esntlPnotiMtYn=Y
    - travel_authorisation    43.0 https://k-eta.go.kr/portal/board/viewboarddetail.do?bbsSn=299709
    - travel_authorisation    43.0 https://k-eta.go.kr/portal/board/viewboarddetail.do?bbsSn=299711
    - travel_authorisation    43.0 https://k-eta.go.kr/portal/board/viewboarddetail.do?bbsSn=299712
    - travel_authorisation    43.0 https://k-eta.go.kr/portal/board/viewboarddetail.do?bbsSn=301070
    - travel_authorisation    43.0 https://k-eta.go.kr/portal/board/viewboarddetail.do?bbsSn=301074
    - travel_authorisation    43.0 https://k-eta.go.kr/portal/board/viewboarddetail.do?bbsSn=301074&esntlPnotiMtYn=Y
    - travel_authorisation    43.0 https://k-eta.go.kr/portal/board/viewboarddetail.do?bbsSn=301075
    - travel_authorisation    43.0 https://k-eta.go.kr/portal/board/viewboarddetail.do?bbsSn=301077
    - travel_authorisation    43.0 https://k-eta.go.kr/portal/board/viewboarddetail.do?bbsSn=301078
    - travel_authorisation    43.0 https://k-eta.go.kr/portal/board/viewboarddetail.do?bbsSn=301079
    - travel_authorisation    43.0 https://k-eta.go.kr/portal/board/viewboarddetail.do?bbsSn=301080
    - travel_authorisation    43.0 https://k-eta.go.kr/portal/board/viewboarddetail.do?bbsSn=301088
    - travel_authorisation    43.0 https://k-eta.go.kr/portal/board/viewboarddetail.do?bbsSn=301089
    - travel_authorisation    43.0 https://k-eta.go.kr/portal/board/viewboarddetail.do?bbsSn=301090
    - travel_authorisation    43.0 https://k-eta.go.kr/portal/board/viewboarddetail.do?bbsSn=316397
    - travel_authorisation    43.0 https://k-eta.go.kr/portal/board/viewboarddetail.do?bbsSn=316398
    - travel_authorisation    43.0 https://k-eta.go.kr/portal/board/viewboarddetail.do?bbsSn=316401
    - travel_authorisation    43.0 https://k-eta.go.kr/portal/board/viewboarddetail.do?bbsSn=316413
    + document_checklist      36.0 https://www.goesan.go.kr/eng/contents.do?key=1307
    + document_checklist      36.0 https://www.mofa.go.kr/ca-en/wpge/m_5234/contents.do
    + document_checklist      36.0 https://www.mofa.go.kr/my-en/wpge/m_1918/contents.do
    + application_route       36.0 https://overseas.mofa.go.kr/qa-en/brd/m_23226/view.do?page=1&seq=13
    + document_checklist      28.0 https://overseas.mofa.go.kr/viewer/skin/doc.html?fn=20250730034508051.pdf&rs=%2Fviewer%2Fresult%2F202507
    + travel_authorisation    33.0 https://k-eta.go.kr/portal/board/viewboarddetail.do?bbsSn=223026
    + application_route       29.6 https://overseas.mofa.go.kr/no-en/brd/m_25413/view.do?page=1&seq=11
    + general_entry           26.0 https://e-arrivalcard.go.kr/portal/board/viewBoardDetail.do?bbsId=0000012053&eacBbsKndCd=1&pageIndex=1
    + application_route       29.6 https://overseas.mofa.go.kr/no-en/brd/m_25413/view.do?page=1&seq=17
    + travel_authorisation    33.0 https://www.k-eta.go.kr/portal/board/viewboarddetail.do?bbsSn=223026
    + travel_authorisation    33.0 https://www.k-eta.go.kr/portal/board/viewboarddetail.do?bbsSn=325442&esntlPnotiMtYn=Y
    + document_checklist      23.0 http://cms.mofa.go.kr/cntntsDown.do?path=us-seattle-en&physic=consul_checklist.pdf&real=consul_checklist.pdf
    + general_entry           26.0 https://www.e-arrivalcard.go.kr/portal/guide/navigator.do?locale=E
    + general_entry           18.0 https://www.immigration.go.kr/bbs/immigration_eng/229/477598/download.do
    + document_checklist      16.0 https://overseas.mofa.go.kr/ca-toronto-en/brd/m_26539/list.do
    + visa_decision           27.6 https://www.immigration.go.kr/bbs/immigration_eng/229/408293/download.do
    + visa_decision           26.0 http://overseas.mofa.go.kr/gb-ko/brd/m_21426/view.do?company_cd=&company_nm=&itm_seq_1=0&itm_seq_2=0&multi_itm_seq=0&page=2&seq=1344860&srchFr=&srchTo=&srchTp=&srchWord=
    + application_route       25.6 https://e-arrivalcard.go.kr/portal/apply/srchEacApplYn.do
    + visa_decision           26.0 https://overseas.mofa.go.kr/gb-en/brd/m_8338/list.do?company_cd=&company_nm=&itm_seq_1=0&itm_seq_2=0&multi_itm_seq=0&page=8&srchFr=&srchTo=&srchTp=&srchWord=
    + visa_decision           24.0 https://consul.mofa.go.kr/
    + application_route       25.6 https://www.e-arrivalcard.go.kr/WEB-INF/jsp/apply/VEAC50401M.jsp
    + visa_decision           24.0 https://overseas.mofa.go.kr/fi-en/brd/m_9574/view.do?page=1&seq=754925
    + visa_decision           14.0 https://overseas.mofa.go.kr/in-chennai-en/wpge/m_2782/contents.do
    + visa_decision           14.0 https://overseas.mofa.go.kr/in-mumbai-en/brd/m_1978/list.do
    + visa_decision           14.0 https://overseas.mofa.go.kr/in-mumbai-en/brd/m_1978/view.do?page=1&seq=717617
south-korea/US/US/tourism                  pool 1110  travel_authorisation shown 42→39  lost {'document_checklist': 3, 'travel_authorisation': 3} gained {'general_entry': 3, 'visa_decision': 3}
    - document_checklist      76.0 https://www.mofa.go.kr/us-newyork-en/wpge/m_4239/contents.do
    - document_checklist      76.0 https://www.mofa.go.kr/us-seattle-en/wpge/m_29763/contents.do
    - document_checklist      61.0 https://chicago.mofa.go.kr/us-chicago-en/brd/m_4830/view.do?seq=761476
    - travel_authorisation    43.0 https://k-eta.go.kr/portal/board/viewboarddetail.do?bbsSn=297985
    - travel_authorisation    43.0 https://k-eta.go.kr/portal/board/viewboarddetail.do?bbsSn=297986
    - travel_authorisation    43.0 https://k-eta.go.kr/portal/board/viewboarddetail.do?bbsSn=297987
    + general_entry           26.0 https://e-arrivalcard.go.kr/portal/board/viewBoardDetail.do?bbsId=0000012053&eacBbsKndCd=1&pageIndex=1
    + general_entry           26.0 https://www.e-arrivalcard.go.kr/portal/guide/navigator.do?locale=E
    + general_entry           18.0 https://www.immigration.go.kr/bbs/immigration_eng/229/477598/download.do
    + visa_decision           34.0 https://overseas.mofa.go.kr/us-atlanta-en/brd/m_4849/list.do?company_cd=&company_nm=&itm_seq_1=0&itm_seq_2=0&multi_itm_seq=0&page=2&srchFr=&srchTo=&srchTp=&srchWord=
    + visa_decision           34.0 https://overseas.mofa.go.kr/us-boston-en/brd/m_21279/list.do?company_cd=&company_nm=&itm_seq_1=0&itm_seq_2=0&multi_itm_seq=0&page=2&srchFr=&srchTo=&srchTp=&srchWord=
    + visa_decision           34.0 https://overseas.mofa.go.kr/us-boston-en/brd/m_21279/list.do?company_cd=&company_nm=&itm_seq_1=0&itm_seq_2=0&multi_itm_seq=0&page=3&srchFr=&srchTo=&srchTp=&srchWord=
sweden/IN/GB/tourism                       pool  172  oracle  6→ 6 of  6  travel_authorisation shown 1→1  lost {} gained {}
sweden/PH/PH/tourism                       pool  164  oracle  6→ 6 of  6  travel_authorisation shown 1→1  lost {} gained {}
united-arab-emirates/IN/GB/tourism         pool  620  oracle  6→ 6 of  6  travel_authorisation shown 0→0  lost {'document_checklist': 18, 'application_route': 1} gained {'general_entry': 8, 'visa_decision': 10, 'document_checklist': 1}
    - document_checklist      36.0 https://u.ae/en/Help/FAQs/visiting-and-exploring-uae
    - document_checklist      36.0 https://u.ae/en/information-and-services/public-holidays-and-religious-affairs
    - document_checklist      36.0 https://u.ae/en/information-and-services/public-holidays-and-religious-affairs/public-holidays
    - document_checklist      36.0 https://u.ae/en/information-and-services/visiting-and-exploring-the-uae/Before-you-visit
    - document_checklist      36.0 https://u.ae/en/information-and-services/visiting-and-exploring-the-uae/Tourist-services-and-information
    - document_checklist      36.0 https://u.ae/en/information-and-services/visiting-and-exploring-the-uae/emergency-help-for-tourists-in-the-uae
    - document_checklist      36.0 https://u.ae/en/information-and-services/visiting-and-exploring-the-uae/faqs-about-visiting-and-exploring-the-uae
    - document_checklist      36.0 https://u.ae/en/information-and-services/visiting-and-exploring-the-uae/open-government-data-tourism-in-the-uae
    - document_checklist      36.0 https://u.ae/en/information-and-services/visiting-and-exploring-the-uae/uae-an-ideal-tourist-destination
    - document_checklist      36.0 https://u.ae/information-and-services/public-holidays-and-religious-affairs/public-holidays
    - document_checklist      36.0 https://www.moet.gov.ae/en/investing-in-tourism
    - document_checklist      36.0 https://www.moet.gov.ae/en/tourism-indicators
    - document_checklist      36.0 https://www.moet.gov.ae/en/tourist-attractions
    - document_checklist      36.0 https://www.moet.gov.ae/explore-the-uae
    - document_checklist      36.0 https://www.mofa.gov.ae/Missions/Amman/UAE-Relationships/Visit--Country
    - document_checklist      36.0 https://www.mofa.gov.ae/Missions/Ankara/UAE-Relationships/Visit--Country
    - document_checklist      36.0 https://www.mofa.gov.ae/Missions/Cairo/UAE-Relationships/Visit--Country
    - document_checklist      36.0 https://www.mofa.gov.ae/Missions/Dublin/UAE-Relationships/Visit--Country
    - application_route       36.0 https://u.ae/error-pages/404?item=%2Finformation-and-services%2Fvisa-and-emirates-id%2Fvisit-visas%2Ftransit-visa%2Fwho-can-apply-for-your-transit-visa&site=website&user=extranet%5CAnonymous
    + general_entry           17.6 https://icp.gov.ae/en/id-card-status
    + general_entry           17.6 https://icp.gov.ae/en/media-center/a-guide-for-travelers-to-the-united-arab-emirates
    + general_entry           17.6 https://icp.gov.ae/en/services/blue-residency
    + general_entry           17.6 https://icp.gov.ae/en/services/icp-mobile-app
    + visa_decision           34.4 https://www.gdrfad.gov.ae/en/node/2086
    + general_entry           17.6 https://icp.gov.ae/en/services/services-for-individuals
    + general_entry           17.6 https://icp.gov.ae/en/services/uae-golden-residency
    + general_entry           17.6 https://icp.gov.ae/en/world-travel-market-london-2024
    + visa_decision           34.0 https://u.ae/ar-AE/information-and-services/visiting-and-exploring-the-uae/transit-visa
    + general_entry            4.0 https://u.ae/en/information-and-services/visiting-and-exploring-the-uae/Tourist-services-and-information/-/media/Documents-2023/Passengers-guide-and-regulation-Abu-Dhabi.ashx
    + visa_decision           34.0 https://u.ae/ar/information-and-services/visa-and-emirates-id/visit-visas
    + visa_decision           34.0 https://u.ae/en/information-and-services/visa-and-emirates-id/do-you-need-an-entry-permit-or-a-visa-to-enter-the-uae/visa-free-entry
    + visa_decision           34.0 https://u.ae/en/information-and-services/visiting-and-exploring-the-uae/transit-visa
    + visa_decision           26.0 https://u.ae/ar-AE/information-and-services/visa-and-emirates-id/visit-visas/transit-visa/important-note
    + visa_decision           26.0 https://u.ae/en/information-and-services/visa-and-emirates-id/visit-visas/patient-and-companion-entry-permits
    + visa_decision           26.0 https://u.ae/en/information-and-services/visa-and-emirates-id/visit-visas/transit-visa
    + visa_decision           26.0 https://u.ae/en/information-and-services/visiting-and-exploring-the-uae/transit-visa/important-note
    + visa_decision           16.0 https://u.ae/ar/information-and-services/visa-and-emirates-id/Types-of-visas/Visit-visa
    + document_checklist      28.0 https://u.ae/en/information-and-services/visa-and-emirates-id/Types-of-visas/Visit-visa
united-arab-emirates/PH/PH/tourism         pool  612  oracle  6→ 6 of  6  travel_authorisation shown 0→0  lost {'document_checklist': 19, 'application_route': 1} gained {'general_entry': 7, 'visa_decision': 12, 'document_checklist': 1}
    - document_checklist      36.0 https://u.ae/en/Help/FAQs/public-holidays
    - document_checklist      36.0 https://u.ae/en/Help/FAQs/visiting-and-exploring-uae
    - document_checklist      36.0 https://u.ae/en/information-and-services/public-holidays-and-religious-affairs
    - document_checklist      36.0 https://u.ae/en/information-and-services/public-holidays-and-religious-affairs/public-holidays
    - document_checklist      36.0 https://u.ae/en/information-and-services/visiting-and-exploring-the-uae/Before-you-visit
    - document_checklist      36.0 https://u.ae/en/information-and-services/visiting-and-exploring-the-uae/Tourist-services-and-information
    - document_checklist      36.0 https://u.ae/en/information-and-services/visiting-and-exploring-the-uae/emergency-help-for-tourists-in-the-uae
    - document_checklist      36.0 https://u.ae/en/information-and-services/visiting-and-exploring-the-uae/faqs-about-visiting-and-exploring-the-uae
    - document_checklist      36.0 https://u.ae/en/information-and-services/visiting-and-exploring-the-uae/open-government-data-tourism-in-the-uae
    - document_checklist      36.0 https://u.ae/en/information-and-services/visiting-and-exploring-the-uae/uae-an-ideal-tourist-destination
    - document_checklist      36.0 https://u.ae/information-and-services/public-holidays-and-religious-affairs/public-holidays
    - document_checklist      36.0 https://www.moet.gov.ae/en/investing-in-tourism
    - document_checklist      36.0 https://www.moet.gov.ae/en/tourism-indicators
    - document_checklist      36.0 https://www.moet.gov.ae/en/tourist-attractions
    - document_checklist      36.0 https://www.moet.gov.ae/explore-the-uae
    - document_checklist      36.0 https://www.mofa.gov.ae/Missions/Amman/UAE-Relationships/Visit--Country
    - document_checklist      36.0 https://www.mofa.gov.ae/Missions/Ankara/UAE-Relationships/Visit--Country
    - document_checklist      36.0 https://www.mofa.gov.ae/Missions/Cairo/UAE-Relationships/Visit--Country
    - document_checklist      36.0 https://www.mofa.gov.ae/Missions/Dublin/UAE-Relationships/Visit--Country
    - application_route       36.0 https://u.ae/error-pages/404?item=%2Finformation-and-services%2Fvisa-and-emirates-id%2Fvisit-visas%2Ftransit-visa%2Fwho-can-apply-for-your-transit-visa&site=website&user=extranet%5CAnonymous
    + general_entry           17.6 https://icp.gov.ae/en/media-center/a-guide-for-travelers-to-the-united-arab-emirates
    + visa_decision           34.4 https://www.gdrfad.gov.ae/en/node/2086
    + general_entry           17.6 https://icp.gov.ae/en/services/blue-residency
    + general_entry           17.6 https://icp.gov.ae/en/services/icp-mobile-app
    + general_entry           17.6 https://icp.gov.ae/en/services/services-for-individuals
    + general_entry           17.6 https://icp.gov.ae/en/services/uae-golden-residency
    + visa_decision           34.0 https://u.ae/ar-AE/information-and-services/visiting-and-exploring-the-uae/transit-visa
    + general_entry           17.6 https://icp.gov.ae/en/world-travel-market-london-2024
    + visa_decision           34.0 https://u.ae/ar/information-and-services/visa-and-emirates-id/visit-visas
    + visa_decision           34.0 https://u.ae/en/information-and-services/visa-and-emirates-id/do-you-need-an-entry-permit-or-a-visa-to-enter-the-uae/visa-free-entry
    + visa_decision           34.0 https://u.ae/en/information-and-services/visiting-and-exploring-the-uae/transit-visa
    + general_entry            4.0 https://u.ae/en/information-and-services/visiting-and-exploring-the-uae/Tourist-services-and-information/-/media/Documents-2023/Passengers-guide-and-regulation-Abu-Dhabi.ashx
    + visa_decision           26.0 https://u.ae/ar-AE/information-and-services/visa-and-emirates-id/visit-visas/transit-visa/important-note
    + visa_decision           26.0 https://u.ae/en/information-and-services/visa-and-emirates-id/visit-visas/patient-and-companion-entry-permits
    + visa_decision           26.0 https://u.ae/en/information-and-services/visa-and-emirates-id/visit-visas/transit-visa
    + visa_decision           26.0 https://u.ae/en/information-and-services/visiting-and-exploring-the-uae/transit-visa/important-note
    + visa_decision           16.0 https://u.ae/ar/information-and-services/visa-and-emirates-id/Types-of-visas/Visit-visa
    + document_checklist      28.0 https://u.ae/en/information-and-services/visa-and-emirates-id/Types-of-visas/Visit-visa
    + visa_decision           15.0 https://u.ae/en/information-and-services/visa-and-emirates-id/do-you-need-an-entry-permit-or-a-visa-to-enter-the-uae
    + visa_decision           14.0 http://u.ae/en/information-and-services/visa-and-emirates-id/track-visa-application-and-validity
united-kingdom/IN/GB/tourism               pool  588  oracle  6→ 6 of  6  travel_authorisation shown 18→19  lost {'fees': 18} gained {'travel_authorisation': 1, 'visa_decision': 10, 'general_entry': 1, 'document_checklist': 5, 'application_route': 1}
    - fees                   136.0 https://visa-fees.homeoffice.gov.uk/y/india/inr?previous-answer=other
    - fees                   116.0 https://visa-fees.homeoffice.gov.uk/y/hong-kong/hkd?previous-answer=visit
    - fees                   116.0 https://visa-fees.homeoffice.gov.uk/y/south-africa/zar?previous-answer=visit
    - fees                    96.0 https://visa-fees.homeoffice.gov.uk/y/czech-republic/eur/other?previous-answer=all
    - fees                    96.0 https://visa-fees.homeoffice.gov.uk/y/czech-republic/eur?previous-answer=other
    - fees                    90.0 https://visa-fees.homeoffice.gov.uk/y?previous-answer=angola
    - fees                    90.0 https://visa-fees.homeoffice.gov.uk/y?previous-answer=australia
    - fees                    90.0 https://visa-fees.homeoffice.gov.uk/y?previous-answer=austria
    - fees                    90.0 https://visa-fees.homeoffice.gov.uk/y?previous-answer=bangladesh
    - fees                    90.0 https://visa-fees.homeoffice.gov.uk/y?previous-answer=bhutan
    - fees                    90.0 https://visa-fees.homeoffice.gov.uk/y?previous-answer=bolivia
    - fees                    90.0 https://visa-fees.homeoffice.gov.uk/y?previous-answer=brazil
    - fees                    90.0 https://visa-fees.homeoffice.gov.uk/y?previous-answer=cameroon
    - fees                    90.0 https://visa-fees.homeoffice.gov.uk/y?previous-answer=canada
    - fees                    90.0 https://visa-fees.homeoffice.gov.uk/y?previous-answer=chad
    - fees                    90.0 https://visa-fees.homeoffice.gov.uk/y?previous-answer=czech-republic
    - fees                    90.0 https://visa-fees.homeoffice.gov.uk/y?previous-answer=dominica-
    - fees                    90.0 https://visa-fees.homeoffice.gov.uk/y?previous-answer=egypt
    + travel_authorisation    23.0 https://ukvi-eta-support-webchat.homeoffice.gov.uk/
    + visa_decision           74.4 https://www.gov.uk/foreign-travel-advice/india/entry-requirements
    + visa_decision           54.0 https://www.gov.uk/government/speeches/why-the-uk-visa-service-is-the-best-in-india
    + general_entry           13.0 https://www.gov.uk/uk-border-control/print
    + document_checklist      86.0 https://www.gov.uk/government/publications/albanian-nationals-visting-a-family-member-settled-in-the-uk
    + document_checklist      82.0 https://portal.immigrationadviceauthority.gov.uk/s/article/Registration-supporting-documents
    + visa_decision           14.0 https://contact-ukba.homeoffice.gov.uk/visas-immigration/do-you-need-a-visa
    + visa_decision           14.0 https://visa-processingtimes.homeoffice.gov.uk/y/united-states/settlement-visas/all
    + document_checklist      66.0 https://www.gov.uk/standard-visitor/paid-engagement-event
    + document_checklist      66.0 https://www.gov.uk/standard-visitor/visit-as-an-academic
    + document_checklist      66.0 https://www.gov.uk/standard-visitor/visit-for-medical-reasons
    + visa_decision            4.0 https://www.gov.uk/government/publications/sponsor-a-visa-applicant-form-su07
    + visa_decision            4.0 https://www.gov.uk/graduate-visa/print
    + visa_decision            4.0 https://www.gov.uk/start-up-visa/print
    + visa_decision            4.0 https://www.gov.uk/tier-1-entrepreneur/print
    + visa_decision            4.0 https://www.gov.uk/transit-visa/print
    + visa_decision            4.0 https://www.gov.uk/uk-family-visa/print
    + application_route       76.0 https://www.gov.uk/apply-to-come-to-the-uk/print
united-kingdom/PH/PH/tourism               pool  441  oracle  6→ 6 of  6  travel_authorisation shown 18→19  lost {'fees': 25} gained {'travel_authorisation': 1, 'document_checklist': 13, 'general_entry': 1, 'visa_decision': 8, 'application_route': 2}
    - fees                    60.0 https://visa-fees.homeoffice.gov.uk/y?previous-answer=angola
    - fees                    60.0 https://visa-fees.homeoffice.gov.uk/y?previous-answer=australia
    - fees                    60.0 https://visa-fees.homeoffice.gov.uk/y?previous-answer=austria
    - fees                    60.0 https://visa-fees.homeoffice.gov.uk/y?previous-answer=bangladesh
    - fees                    60.0 https://visa-fees.homeoffice.gov.uk/y?previous-answer=bhutan
    - fees                    60.0 https://visa-fees.homeoffice.gov.uk/y?previous-answer=bolivia
    - fees                    60.0 https://visa-fees.homeoffice.gov.uk/y?previous-answer=brazil
    - fees                    60.0 https://visa-fees.homeoffice.gov.uk/y?previous-answer=cameroon
    - fees                    60.0 https://visa-fees.homeoffice.gov.uk/y?previous-answer=canada
    - fees                    60.0 https://visa-fees.homeoffice.gov.uk/y?previous-answer=chad
    - fees                    60.0 https://visa-fees.homeoffice.gov.uk/y?previous-answer=czech-republic
    - fees                    60.0 https://visa-fees.homeoffice.gov.uk/y?previous-answer=dominica-
    - fees                    60.0 https://visa-fees.homeoffice.gov.uk/y?previous-answer=egypt
    - fees                    60.0 https://visa-fees.homeoffice.gov.uk/y?previous-answer=france
    - fees                    60.0 https://visa-fees.homeoffice.gov.uk/y?previous-answer=germany
    - fees                    60.0 https://visa-fees.homeoffice.gov.uk/y?previous-answer=hong-kong
    - fees                    60.0 https://visa-fees.homeoffice.gov.uk/y?previous-answer=india
    - fees                    60.0 https://visa-fees.homeoffice.gov.uk/y?previous-answer=iran
    - fees                    60.0 https://visa-fees.homeoffice.gov.uk/y?previous-answer=ireland
    - fees                    60.0 https://visa-fees.homeoffice.gov.uk/y?previous-answer=kuwait
    - fees                    60.0 https://visa-fees.homeoffice.gov.uk/y?previous-answer=mexico
    - fees                    60.0 https://visa-fees.homeoffice.gov.uk/y?previous-answer=niger
    - fees                    60.0 https://visa-fees.homeoffice.gov.uk/y?previous-answer=panama
    - fees                    60.0 https://visa-fees.homeoffice.gov.uk/y?previous-answer=russia
    - fees                    60.0 https://visa-fees.homeoffice.gov.uk/y?previous-answer=sierra-leone
    + travel_authorisation    23.0 https://ukvi-eta-support-webchat.homeoffice.gov.uk/
    + document_checklist      52.0 https://portal.immigrationadviceauthority.gov.uk/s/article/Registration-supporting-documents
    + general_entry           13.0 https://www.gov.uk/uk-border-control/print
    + visa_decision           14.0 https://contact-ukba.homeoffice.gov.uk/visas-immigration/do-you-need-a-visa
    + visa_decision           14.0 https://visa-processingtimes.homeoffice.gov.uk/y/united-states/settlement-visas/all
    + document_checklist      36.0 https://www.gov.uk/standard-visitor/paid-engagement-event
    + document_checklist      36.0 https://www.gov.uk/standard-visitor/paid-engagement-event?step-by-step-nav=0048cca7-04b2-4b3e-b4ef-ae2ef710e9f9
    + document_checklist      36.0 https://www.gov.uk/standard-visitor/visit-as-an-academic
    + document_checklist      36.0 https://www.gov.uk/standard-visitor/visit-for-medical-reasons
    + document_checklist      36.0 https://www.gov.uk/standard-visitor/visit-on-business?step-by-step-nav=0048cca7-04b2-4b3e-b4ef-ae2ef710e9f9
    + document_checklist      36.0 https://www.gov.uk/visit-uk-medical-treatment
    + document_checklist      36.0 https://www.gov.uk/visit-uk-research
    + document_checklist      26.0 https://www.gov.uk/bank-holidays/england-and-wales.ics
    + document_checklist      26.0 https://www.gov.uk/bank-holidays/scotland.ics
    + document_checklist      26.0 https://www.gov.uk/government/publications/visitors-and-transit-customer-service-standards
    + document_checklist      26.0 https://www.gov.uk/guidance/visiting-the-uk-as-an-eu-eea-or-swiss-citizen
    + document_checklist      26.0 https://www.gov.uk/holiday-entitlement-rights
    + visa_decision            4.0 https://www.gov.uk/government/publications/sponsor-a-visa-applicant-form-su07
    + visa_decision            4.0 https://www.gov.uk/graduate-visa/print
    + application_route       42.4 https://apply-to-visit-or-stay-in-the-uk.homeoffice.gov.uk/dashboard
    + visa_decision            4.0 https://www.gov.uk/start-up-visa/print
    + visa_decision            4.0 https://www.gov.uk/tier-1-entrepreneur/print
    + visa_decision            4.0 https://www.gov.uk/transit-visa/print
    + visa_decision            4.0 https://www.gov.uk/uk-family-visa/print
    + application_route       31.0 https://www.gov.uk/standard-visitor/print
united-kingdom/US/US/tourism               pool  476  travel_authorisation shown 18→19  lost {'fees': 25} gained {'travel_authorisation': 1, 'document_checklist': 13, 'visa_decision': 8, 'general_entry': 1, 'application_route': 2}
    - fees                    60.0 https://visa-fees.homeoffice.gov.uk/y?previous-answer=angola
    - fees                    60.0 https://visa-fees.homeoffice.gov.uk/y?previous-answer=australia
    - fees                    60.0 https://visa-fees.homeoffice.gov.uk/y?previous-answer=austria
    - fees                    60.0 https://visa-fees.homeoffice.gov.uk/y?previous-answer=bangladesh
    - fees                    60.0 https://visa-fees.homeoffice.gov.uk/y?previous-answer=bhutan
    - fees                    60.0 https://visa-fees.homeoffice.gov.uk/y?previous-answer=bolivia
    - fees                    60.0 https://visa-fees.homeoffice.gov.uk/y?previous-answer=brazil
    - fees                    60.0 https://visa-fees.homeoffice.gov.uk/y?previous-answer=cameroon
    - fees                    60.0 https://visa-fees.homeoffice.gov.uk/y?previous-answer=canada
    - fees                    60.0 https://visa-fees.homeoffice.gov.uk/y?previous-answer=chad
    - fees                    60.0 https://visa-fees.homeoffice.gov.uk/y?previous-answer=czech-republic
    - fees                    60.0 https://visa-fees.homeoffice.gov.uk/y?previous-answer=dominica-
    - fees                    60.0 https://visa-fees.homeoffice.gov.uk/y?previous-answer=egypt
    - fees                    60.0 https://visa-fees.homeoffice.gov.uk/y?previous-answer=france
    - fees                    60.0 https://visa-fees.homeoffice.gov.uk/y?previous-answer=germany
    - fees                    60.0 https://visa-fees.homeoffice.gov.uk/y?previous-answer=hong-kong
    - fees                    60.0 https://visa-fees.homeoffice.gov.uk/y?previous-answer=india
    - fees                    60.0 https://visa-fees.homeoffice.gov.uk/y?previous-answer=iran
    - fees                    60.0 https://visa-fees.homeoffice.gov.uk/y?previous-answer=ireland
    - fees                    60.0 https://visa-fees.homeoffice.gov.uk/y?previous-answer=kuwait
    - fees                    60.0 https://visa-fees.homeoffice.gov.uk/y?previous-answer=mexico
    - fees                    60.0 https://visa-fees.homeoffice.gov.uk/y?previous-answer=niger
    - fees                    60.0 https://visa-fees.homeoffice.gov.uk/y?previous-answer=panama
    - fees                    60.0 https://visa-fees.homeoffice.gov.uk/y?previous-answer=russia
    - fees                    60.0 https://visa-fees.homeoffice.gov.uk/y?previous-answer=sierra-leone
    + travel_authorisation    23.0 https://ukvi-eta-support-webchat.homeoffice.gov.uk/
    + document_checklist      52.0 https://portal.immigrationadviceauthority.gov.uk/s/article/Registration-supporting-documents
    + visa_decision           54.0 https://visa-processingtimes.homeoffice.gov.uk/y/united-states/settlement-visas/all
    + general_entry           13.0 https://www.gov.uk/uk-border-control/print
    + visa_decision           14.0 https://contact-ukba.homeoffice.gov.uk/visas-immigration/do-you-need-a-visa
    + document_checklist      36.0 https://www.gov.uk/standard-visitor/paid-engagement-event
    + document_checklist      36.0 https://www.gov.uk/standard-visitor/paid-engagement-event?step-by-step-nav=0048cca7-04b2-4b3e-b4ef-ae2ef710e9f9
    + document_checklist      36.0 https://www.gov.uk/standard-visitor/visit-as-an-academic
    + document_checklist      36.0 https://www.gov.uk/standard-visitor/visit-for-medical-reasons
    + document_checklist      36.0 https://www.gov.uk/standard-visitor/visit-on-business?step-by-step-nav=0048cca7-04b2-4b3e-b4ef-ae2ef710e9f9
    + document_checklist      36.0 https://www.gov.uk/visit-uk-medical-treatment
    + document_checklist      36.0 https://www.gov.uk/visit-uk-research
    + document_checklist      26.0 https://www.gov.uk/bank-holidays/england-and-wales.ics
    + document_checklist      26.0 https://www.gov.uk/bank-holidays/scotland.ics
    + document_checklist      26.0 https://www.gov.uk/government/publications/visitors-and-transit-customer-service-standards
    + document_checklist      26.0 https://www.gov.uk/guidance/visiting-the-uk-as-an-eu-eea-or-swiss-citizen
    + document_checklist      26.0 https://www.gov.uk/holiday-entitlement-rights
    + visa_decision            4.0 https://www.gov.uk/government/publications/sponsor-a-visa-applicant-form-su07
    + visa_decision            4.0 https://www.gov.uk/graduate-visa/print
    + application_route       42.4 https://apply-to-visit-or-stay-in-the-uk.homeoffice.gov.uk/dashboard
    + visa_decision            4.0 https://www.gov.uk/start-up-visa/print
    + visa_decision            4.0 https://www.gov.uk/tier-1-entrepreneur/print
    + visa_decision            4.0 https://www.gov.uk/transit-visa/print
    + visa_decision            4.0 https://www.gov.uk/uk-family-visa/print
    + application_route       31.0 https://www.gov.uk/standard-visitor/print
united-states/GB/GB/tourism                pool  611  travel_authorisation shown 27→25  lost {'travel_authorisation': 1, 'visa_decision': 14} gained {'processing_times': 3, 'document_checklist': 3, 'fees': 7, 'application_route': 2}
    - travel_authorisation    63.0 https://esta.cbp.dhs.gov/faq?answerToDisplay=What+are+the+passport+requirements+for+travel+under+the+Visa+Waiver+Program%3F&focusedTopic=About+ESTA+and+The+Visa+Waiver+Program&lang=en
    - visa_decision           55.6 https://travel.state.gov/content/travel/en/us-visas/tourism-visit/visa-waiver-program.html
    - visa_decision           65.6 https://travel.state.gov/content/travel/en/us-visas/tourism-visit/visa-waiver-program.html?os=io..
    - visa_decision           65.6 https://travel.state.gov/content/travel/en/us-visas/tourism-visit/visa-waiver-program.html?os=io.....
    - visa_decision           55.6 https://travel.state.gov/content/travel/en/us-visas/tourism-visit/visa-waiver-program.html-program.html
    - visa_decision           54.0 https://2017-2021.state.gov/16-929
    - visa_decision           54.0 https://2021-2025.state.gov/united-kingdom-20-1231-3-amendment-to-agreement-of-april-18-2013-as-amended/20-1231-3-consular-affairs-visa-uk
    - visa_decision           54.0 https://uk.usembassy.gov/immigrant-visas-faqs-visa-processing-documents
    - visa_decision           54.0 https://uk.usembassy.gov/london-visa-navigator
    - visa_decision           54.0 https://uk.usembassy.gov/nonimmigrant-visas-faqs-application-procedures
    - visa_decision           54.0 https://uk.usembassy.gov/uk-visas-and-immigration
    - visa_decision           54.0 https://uk.usembassy.gov/visas
    - visa_decision           54.0 https://uk.usembassy.gov/visas-2
    - visa_decision           54.0 https://uk.usembassy.gov/visas/nonimmigrant-visas
    - visa_decision           53.6 https://uk.usembassy.gov/visas/visa-waiver-program/non-immigrant-visa-waiver-program-vwp
    + processing_times        38.0 https://egov.uscis.gov/processing-times/es
    + document_checklist      46.0 https://fam.state.gov/fam/09fam/09fam040202.html
    + processing_times        30.0 https://travel.state.gov/content/travel/en/us-visas/visa-information-resources/wait-times.html
    + document_checklist      46.0 https://go.usa.gov/xpEuu
    + document_checklist      46.0 https://sample2.usembassy.gov/visas-non-gss/tourism-visitor
    + fees                    50.0 http://travel.state.gov/visa/fees/fees_5455.html?cid=8984
    + fees                    34.4 https://preview.uscis.gov/fees
    + fees                    26.4 https://travel.state.gov/content/travel/en/us-visas/immigrate/the-immigrant-visa-process/step-1-submit-a-petition/step-3-pay-fees.html
    + fees                    26.4 https://travel.state.gov/content/travel/en/us-visas/visa-information-resources/fees/fees-reciprocity-tables.html
    + fees                    26.4 https://travel.state.gov/content/travel/en/us-visas/visa-information-resources/fees/fees-visa-services.html
    + processing_times         8.0 http://www.travel.state.gov/
    + fees                    26.4 https://travel.state.gov/content/travel/en/us-visas/visa-information-resources/fees/fees-visa-services.html?os=io....
    + fees                    16.0 https://www.uscis.gov/forms/service-fee-redirect-to-paygov
    + application_route       50.6 https://sample2.usembassy.gov/visas-non-gss/study-exchange/how-to-apply
    + application_route       47.6 https://uk.usembassy.gov/visas/business-visa
united-states/IN/GB/tourism                pool  623  oracle  5→ 5 of  5  travel_authorisation shown 27→26  lost {'travel_authorisation': 1, 'visa_decision': 10, 'application_route': 1} gained {'processing_times': 3, 'document_checklist': 3, 'fees': 6}
    - travel_authorisation    63.0 https://uk.usembassy.gov/visa-faqs-information-for-non-immigrant-visa-or-esta-applicants
    - visa_decision           54.0 https://go.usa.gov/xJb28
    - visa_decision           54.0 https://in.usembassy.gov/immigrant-visas
    - visa_decision           54.0 https://in.usembassy.gov/nonimmigrant-visas
    - visa_decision           54.0 https://in.usembassy.gov/types-of-visas
    - visa_decision           54.0 https://in.usembassy.gov/visa-navigator
    - visa_decision           54.0 https://in.usembassy.gov/visas
    - visa_decision           54.0 https://travel.state.gov/content/dam/visas/Straight%20Facts%20on%20US%20Visas%20in%20India.pdf
    - visa_decision           53.6 https://uk.usembassy.gov/nonimmigrant-visas-faqs-visa-waiver-program
    - visa_decision           53.6 https://uk.usembassy.gov/visa-waiver-program-vwp
    - visa_decision           53.6 https://uk.usembassy.gov/visas/visa-waiver-program/non-immigrant-visa-waiver-program-vwp
    - application_route       47.6 https://uk.usembassy.gov/visas/business-visa
    + processing_times        38.0 https://egov.uscis.gov/processing-times/es
    + processing_times        30.0 https://travel.state.gov/content/travel/en/us-visas/visa-information-resources/wait-times.html
    + document_checklist      46.0 https://fam.state.gov/fam/09fam/09fam040202.html
    + document_checklist      46.0 https://go.usa.gov/xpEuu
    + document_checklist      46.0 https://sample2.usembassy.gov/visas-non-gss/tourism-visitor
    + fees                    34.4 https://preview.uscis.gov/fees
    + fees                    26.4 https://travel.state.gov/content/travel/en/us-visas/immigrate/the-immigrant-visa-process/step-1-submit-a-petition/step-3-pay-fees.html
    + fees                    26.4 https://travel.state.gov/content/travel/en/us-visas/visa-information-resources/fees/fees-reciprocity-tables.html
    + fees                    26.4 https://travel.state.gov/content/travel/en/us-visas/visa-information-resources/fees/fees-visa-services.html
    + processing_times         8.0 http://www.travel.state.gov/
    + fees                    26.4 https://travel.state.gov/content/travel/en/us-visas/visa-information-resources/fees/fees-visa-services.html?os=io....
    + fees                    16.0 https://www.uscis.gov/forms/service-fee-redirect-to-paygov
united-states/PH/PH/tourism                pool  603  oracle  5→ 5 of  5  travel_authorisation shown 27→27  lost {'visa_decision': 8, 'document_checklist': 2} gained {'processing_times': 4, 'fees': 6}
    - visa_decision           54.0 https://ph.usembassy.gov/faq-immigrant-visa-application-requirements
    - visa_decision           54.0 https://ph.usembassy.gov/important-visa-information
    - visa_decision           54.0 https://ph.usembassy.gov/updated-interview-requirement-for-nonimmigrant-visa-applicants
    - visa_decision           54.0 https://ph.usembassy.gov/visas
    - document_checklist      46.0 https://www.uscis.gov/about-us/find-a-uscis-office/international-offices/planning-your-visit-uscis-london-field-office
    - visa_decision           46.0 https://travel.state.gov/content/dam/sia-assets/visa_applications/philippines/Philippines_Visa_Application.pdf
    - visa_decision           46.0 https://travel.state.gov/content/dam/visas/iv-dv-supplemental/MNL-Manila-1-27-2026.pdf
    - document_checklist      46.0 https://www.uscis.gov/about-us/find-a-uscis-office/international-offices/planning-your-visit-uscis-new-delhi-field-office
    - visa_decision           46.0 https://travel.state.gov/content/travel/en/us-visas/Supplements/Supplements_by_Post/MNL-Manila.html/ph.usembassy.gov/visas
    - visa_decision           46.0 https://travel.state.gov/content/travel/en/us-visas/Visa-Reciprocity-and-Civil-Documents-by-Country/Philippines.html
    + processing_times        38.0 https://egov.uscis.gov/processing-times/es
    + processing_times        30.0 https://travel.state.gov/content/travel/en/us-visas/visa-information-resources/wait-times.html
    + fees                    34.4 https://preview.uscis.gov/fees
    + fees                    26.4 https://travel.state.gov/content/travel/en/us-visas/immigrate/the-immigrant-visa-process/step-1-submit-a-petition/step-3-pay-fees.html
    + fees                    26.4 https://travel.state.gov/content/travel/en/us-visas/visa-information-resources/fees/fees-reciprocity-tables.html
    + processing_times         8.0 http://www.travel.state.gov/
    + fees                    26.4 https://travel.state.gov/content/travel/en/us-visas/visa-information-resources/fees/fees-visa-services.html
    + fees                    26.4 https://travel.state.gov/content/travel/en/us-visas/visa-information-resources/fees/fees-visa-services.html?os=io....
    + processing_times         3.0 https://ceac.state.gov/CEACStatTracker/Status.aspx?eQs=o%2FiS8zDpeAKjMWCuebHqOw%3D%3D
    + fees                    16.0 https://www.uscis.gov/forms/service-fee-redirect-to-paygov
uruguay/IN/GB/tourism                      pool   56  oracle  5→ 5 of  5  travel_authorisation shown 2→2  lost {} gained {}
uruguay/PH/PH/tourism                      pool   56  oracle  5→ 5 of  5  travel_authorisation shown 2→2  lost {} gained {}

oracle roles shown: before 129, after 129, of 131
