south-korea_IN_IN_tourism Maharashtra run 1: ok (12.6s)
south-korea_IN_IN_tourism none run 1: ok (13.1s)
south-korea_IN_IN_tourism Maharashtra run 2: ok (17.1s)
south-korea_IN_IN_tourism none run 2: ok (19.6s)
south-korea_IN_IN_tourism Tamil Nadu run 2: ok (11.5s)
south-korea_IN_IN_tourism Tamil Nadu run 1: ok (11.9s)
china_IN_IN_business none run 1: ok (13.4s)
china_IN_IN_business Maharashtra run 1: ok (10.3s)
china_IN_IN_business none run 2: ok (17.0s)
china_IN_IN_business Maharashtra run 2: ok (12.3s)
china_IN_IN_business West Bengal run 1: ok (12.8s)
china_IN_IN_business West Bengal run 2: ok (12.1s)
germany_IN_GB_tourism none run 2: ok (14.3s)
germany_IN_GB_tourism none run 1: ok (15.9s)
germany_IN_GB_tourism Scotland run 1: ok (20.0s)
germany_IN_GB_tourism Scotland run 2: ok (16.5s)
germany_IN_GB_tourism England run 1: ok (15.7s)
germany_IN_GB_tourism England run 2: ok (19.6s)
japan_IN_GB_business none run 2: ok (15.6s)
japan_IN_GB_business Scotland run 1: ok (12.6s)
japan_IN_GB_business none run 1: ok (16.4s)
japan_IN_GB_business Scotland run 2: ok (14.1s)
japan_IN_GB_business Wales run 1: ok (12.0s)
japan_IN_GB_business Wales run 2: ok (12.5s)
japan_IN_GB_business England run 1: ok (19.0s)
japan_IN_GB_business England run 2: ok (13.3s)
switzerland_IN_IN_study none run 1: ok (12.9s)
switzerland_IN_IN_study none run 2: ok (17.7s)
switzerland_IN_IN_study Maharashtra run 2: ok (13.1s)
switzerland_IN_IN_study Maharashtra run 1: ok (17.5s)
spain_IN_IN_tourism Maharashtra run 1: ok (14.2s)
spain_IN_IN_tourism Maharashtra run 2: ok (13.7s)
turkey_IN_IN_tourism Maharashtra run 1: ok (15.0s)
south-africa_IN_IN_tourism Maharashtra run 1: ok (11.4s)
south-africa_IN_IN_tourism Maharashtra run 2: ok (9.7s)
turkey_IN_IN_tourism Maharashtra run 2: ok (22.5s)
france_PH_PH National Capital Region run 1: ok (14.4s)
france_PH_PH National Capital Region run 2: ok (15.1s)
france_PH_PH Central Visayas run 1: ok (13.0s)
france_PH_PH Central Visayas run 2: ok (14.5s)
