south-korea_IN_IN_tourism Maharashtra run 2: ok (12.2s)
south-korea_IN_IN_tourism none run 2: ok (13.2s)
south-korea_IN_IN_tourism none run 1: ok (14.3s)
south-korea_IN_IN_tourism Maharashtra run 1: ok (15.8s)
south-korea_IN_IN_tourism Tamil Nadu run 1: ok (10.9s)
south-korea_IN_IN_tourism Tamil Nadu run 2: ok (10.7s)
china_IN_IN_business none run 1: ok (12.1s)
china_IN_IN_business none run 2: ok (16.7s)
china_IN_IN_business Maharashtra run 2: ok (11.0s)
china_IN_IN_business Maharashtra run 1: ok (14.8s)
china_IN_IN_business West Bengal run 1: ok (12.4s)
china_IN_IN_business West Bengal run 2: ok (16.4s)
germany_IN_GB_tourism none run 2: ok (15.3s)
germany_IN_GB_tourism Scotland run 1: ok (15.3s)
germany_IN_GB_tourism none run 1: ok (20.3s)
germany_IN_GB_tourism Scotland run 2: ok (16.3s)
germany_IN_GB_tourism England run 2: ok (14.8s)
germany_IN_GB_tourism England run 1: ok (17.5s)
japan_IN_GB_business none run 1: ok (19.4s)
japan_IN_GB_business none run 2: ok (12.4s)
japan_IN_GB_business Scotland run 2: ok (12.0s)
japan_IN_GB_business Scotland run 1: ok (15.0s)
japan_IN_GB_business Wales run 1: ok (17.4s)
japan_IN_GB_business Wales run 2: ok (14.4s)
japan_IN_GB_business England run 2: ok (15.0s)
japan_IN_GB_business England run 1: ok (16.7s)
switzerland_IN_IN_study none run 2: ok (13.3s)
switzerland_IN_IN_study none run 1: ok (14.9s)
switzerland_IN_IN_study Maharashtra run 1: ok (10.4s)
switzerland_IN_IN_study Maharashtra run 2: ok (14.3s)
spain_IN_IN_tourism Maharashtra run 1: ok (13.6s)
spain_IN_IN_tourism Maharashtra run 2: ok (13.0s)
turkey_IN_IN_tourism Maharashtra run 1: ok (20.6s)
south-africa_IN_IN_tourism Maharashtra run 1: ok (12.3s)
south-africa_IN_IN_tourism Maharashtra run 2: ok (12.4s)
turkey_IN_IN_tourism Maharashtra run 2: ok (20.0s)
france_PH_PH National Capital Region run 1: ok (12.4s)
france_PH_PH National Capital Region run 2: ok (13.7s)
france_PH_PH Central Visayas run 2: ok (11.9s)
france_PH_PH Central Visayas run 1: ok (16.3s)
